2025/04/06 19:17:121884 DEBUG EventLoop createdtruein thread8585 - EventLoop.cc:53
2025/04/06 19:17:121931 INFO  func =>fd4events=3index=-1 - EPollPoller.cc:66
2025/04/06 19:17:122219 DEBUG EventLoop createdtruein thread8587 - EventLoop.cc:53
2025/04/06 19:17:122233 INFO  func =>fd8events=3index=-1 - EPollPoller.cc:66
2025/04/06 19:17:122261 INFO  EventLoop start looping - EventLoop.cc:82
2025/04/06 19:17:122267 INFO  fd total count:1 - EPollPoller.cc:32
2025/04/06 19:17:122458 DEBUG EventLoop createdtruein thread8588 - EventLoop.cc:53
2025/04/06 19:17:122480 INFO  func =>fd10events=3index=-1 - EPollPoller.cc:66
2025/04/06 19:17:122509 INFO  EventLoop start looping - EventLoop.cc:82
2025/04/06 19:17:122515 INFO  fd total count:1 - EPollPoller.cc:32
2025/04/06 19:17:122658 DEBUG EventLoop createdtruein thread8589 - EventLoop.cc:53
2025/04/06 19:17:122670 INFO  func =>fd12events=3index=-1 - EPollPoller.cc:66
2025/04/06 19:17:122698 INFO  EventLoop start looping - EventLoop.cc:82
2025/04/06 19:17:122708 INFO  fd total count:1 - EPollPoller.cc:32
2025/04/06 19:17:122743 INFO  func =>fd6events=3index=-1 - EPollPoller.cc:66
2025/04/06 19:17:122872 INFO  EventLoop start looping - EventLoop.cc:82
2025/04/06 19:17:122882 INFO  fd total count:2 - EPollPoller.cc:32
2025/04/06 19:17:122956 DEBUG timeout! - EPollPoller.cc:49
2025/04/06 19:17:122994 DEBUG timeout! - EPollPoller.cc:49
2025/04/06 19:17:123011 INFO  fd total count:1 - EPollPoller.cc:32
2025/04/06 19:17:122960 DEBUG timeout! - EPollPoller.cc:49
2025/04/06 19:17:123038 INFO  fd total count:1 - EPollPoller.cc:32
2025/04/06 19:17:123011 INFO  fd total count:1 - EPollPoller.cc:32
2025/04/06 19:17:129800 DEBUG timeout! - EPollPoller.cc:49
2025/04/06 19:17:129817 INFO  fd total count:2 - EPollPoller.cc:32
2025/04/06 19:17:124022 DEBUG timeout! - EPollPoller.cc:49
2025/04/06 19:17:124152 INFO  fd total count:1 - EPollPoller.cc:32
2025/04/06 19:17:131329 DEBUG timeout! - EPollPoller.cc:49
2025/04/06 19:17:131364 INFO  fd total count:2 - EPollPoller.cc:32
2025/04/06 19:17:133223 DEBUG timeout! - EPollPoller.cc:49
2025/04/06 19:17:133233 DEBUG timeout! - EPollPoller.cc:49
2025/04/06 19:17:133241 INFO  fd total count:1 - EPollPoller.cc:32
2025/04/06 19:17:133251 INFO  fd total count:1 - EPollPoller.cc:32
2025/04/06 19:17:124789 DEBUG timeout! - EPollPoller.cc:49
2025/04/06 19:17:124903 INFO  fd total count:1 - EPollPoller.cc:32
2025/04/06 19:17:132133 DEBUG timeout! - EPollPoller.cc:49
2025/04/06 19:17:132164 INFO  fd total count:2 - EPollPoller.cc:32
2025/04/06 19:17:133691 DEBUG timeout! - EPollPoller.cc:49
2025/04/06 19:17:133704 INFO  fd total count:1 - EPollPoller.cc:32
2025/04/06 19:17:142127 DEBUG timeout! - EPollPoller.cc:49
2025/04/06 19:17:142229 INFO  fd total count:1 - EPollPoller.cc:32
2025/04/06 19:17:135077 DEBUG timeout! - EPollPoller.cc:49
2025/04/06 19:17:135100 DEBUG timeout! - EPollPoller.cc:49
2025/04/06 19:17:135123 INFO  fd total count:1 - EPollPoller.cc:32
2025/04/06 19:17:135137 INFO  fd total count:1 - EPollPoller.cc:32
2025/04/06 19:17:135089 DEBUG timeout! - EPollPoller.cc:49
2025/04/06 19:17:135150 INFO  fd total count:2 - EPollPoller.cc:32
2025/04/06 19:17:152602 DEBUG timeout! - EPollPoller.cc:49
2025/04/06 19:17:152638 INFO  fd total count:1 - EPollPoller.cc:32
2025/04/06 19:17:136149 DEBUG timeout! - EPollPoller.cc:49
2025/04/06 19:17:136158 DEBUG timeout! - EPollPoller.cc:49
2025/04/06 19:17:136214 INFO  fd total count:1 - EPollPoller.cc:32
2025/04/06 19:17:136191 INFO  fd total count:2 - EPollPoller.cc:32
2025/04/06 19:17:145081 DEBUG timeout! - EPollPoller.cc:49
2025/04/06 19:17:145115 INFO  fd total count:1 - EPollPoller.cc:32
2025/04/06 19:17:162698 DEBUG timeout! - EPollPoller.cc:49
2025/04/06 19:17:162733 INFO  fd total count:1 - EPollPoller.cc:32
2025/04/06 19:18:144789 DEBUG timeout! - EPollPoller.cc:49
2025/04/06 19:18:144830 INFO  fd total count:1 - EPollPoller.cc:32
2025/04/06 19:18:146742 DEBUG timeout! - EPollPoller.cc:49
2025/04/06 19:18:146763 INFO  fd total count:2 - EPollPoller.cc:32
2025/04/06 19:18:155303 DEBUG timeout! - EPollPoller.cc:49
2025/04/06 19:18:155345 INFO  fd total count:1 - EPollPoller.cc:32
2025/04/06 19:18:173289 DEBUG timeout! - EPollPoller.cc:49
2025/04/06 19:18:173326 INFO  fd total count:1 - EPollPoller.cc:32
2025/04/06 19:18:153921 DEBUG timeout! - EPollPoller.cc:49
2025/04/06 19:18:153960 INFO  fd total count:1 - EPollPoller.cc:32
2025/04/06 19:18:155885 DEBUG timeout! - EPollPoller.cc:49
2025/04/06 19:18:155901 INFO  fd total count:2 - EPollPoller.cc:32
2025/04/06 19:18:164374 DEBUG timeout! - EPollPoller.cc:49
2025/04/06 19:18:164435 INFO  fd total count:1 - EPollPoller.cc:32
2025/04/06 19:18:174828 DEBUG timeout! - EPollPoller.cc:49
2025/04/06 19:18:174863 INFO  fd total count:1 - EPollPoller.cc:32
2025/04/06 19:18:164246 DEBUG timeout! - EPollPoller.cc:49
2025/04/06 19:18:164284 DEBUG timeout! - EPollPoller.cc:49
2025/04/06 19:18:164513 INFO  fd total count:2 - EPollPoller.cc:32
2025/04/06 19:18:164456 INFO  fd total count:1 - EPollPoller.cc:32
2025/04/06 19:18:174587 DEBUG timeout! - EPollPoller.cc:49
2025/04/06 19:18:174628 INFO  fd total count:1 - EPollPoller.cc:32
2025/04/06 19:18:185343 DEBUG timeout! - EPollPoller.cc:49
2025/04/06 19:18:185379 INFO  fd total count:1 - EPollPoller.cc:32
2025/04/06 19:18:164669 DEBUG timeout! - EPollPoller.cc:49
2025/04/06 19:18:164708 INFO  fd total count:2 - EPollPoller.cc:32
2025/04/06 19:18:174726 DEBUG timeout! - EPollPoller.cc:49
2025/04/06 19:18:174762 INFO  fd total count:1 - EPollPoller.cc:32
2025/04/06 19:18:181736 DEBUG timeout! - EPollPoller.cc:49
2025/04/06 19:18:181776 INFO  fd total count:1 - EPollPoller.cc:32
2025/04/06 19:18:195621 DEBUG timeout! - EPollPoller.cc:49
2025/04/06 19:18:195655 INFO  fd total count:1 - EPollPoller.cc:32
2025/04/06 19:18:170025 DEBUG timeout! - EPollPoller.cc:49
2025/04/06 19:18:170063 INFO  fd total count:2 - EPollPoller.cc:32
2025/04/06 19:18:184879 DEBUG timeout! - EPollPoller.cc:49
2025/04/06 19:18:184927 INFO  fd total count:1 - EPollPoller.cc:32
2025/04/06 19:18:187884 DEBUG timeout! - EPollPoller.cc:49
2025/04/06 19:18:187915 INFO  fd total count:1 - EPollPoller.cc:32
2025/04/06 19:18:198794 DEBUG timeout! - EPollPoller.cc:49
2025/04/06 19:18:198832 INFO  fd total count:1 - EPollPoller.cc:32
2025/04/06 19:18:180453 DEBUG timeout! - EPollPoller.cc:49
2025/04/06 19:18:180491 INFO  fd total count:2 - EPollPoller.cc:32
2025/04/06 19:18:195425 DEBUG timeout! - EPollPoller.cc:49
2025/04/06 19:18:195463 INFO  fd total count:1 - EPollPoller.cc:32
2025/04/06 19:18:197662 DEBUG timeout! - EPollPoller.cc:49
2025/04/06 19:18:197681 INFO  fd total count:1 - EPollPoller.cc:32
2025/04/06 19:18:202922 DEBUG timeout! - EPollPoller.cc:49
2025/04/06 19:18:202946 INFO  fd total count:1 - EPollPoller.cc:32
2025/04/06 19:19:183619 DEBUG timeout! - EPollPoller.cc:49
2025/04/06 19:19:183658 INFO  fd total count:2 - EPollPoller.cc:32
2025/04/06 19:19:196682 DEBUG timeout! - EPollPoller.cc:49
2025/04/06 19:19:196718 INFO  fd total count:1 - EPollPoller.cc:32
2025/04/06 19:19:207765 DEBUG timeout! - EPollPoller.cc:49
2025/04/06 19:19:207800 INFO  fd total count:1 - EPollPoller.cc:32
2025/04/06 19:19:208354 DEBUG timeout! - EPollPoller.cc:49
2025/04/06 19:19:208370 INFO  fd total count:1 - EPollPoller.cc:32
2025/04/06 19:19:194241 DEBUG timeout! - EPollPoller.cc:49
2025/04/06 19:19:194276 INFO  fd total count:2 - EPollPoller.cc:32
2025/04/06 19:19:197861 DEBUG timeout! - EPollPoller.cc:49
2025/04/06 19:19:197881 INFO  fd total count:1 - EPollPoller.cc:32
2025/04/06 19:19:208838 DEBUG timeout! - EPollPoller.cc:49
2025/04/06 19:19:208881 INFO  fd total count:1 - EPollPoller.cc:32
2025/04/06 19:19:212160 DEBUG timeout! - EPollPoller.cc:49
2025/04/06 19:19:212177 INFO  fd total count:1 - EPollPoller.cc:32
2025/04/06 19:19:195924 DEBUG timeout! - EPollPoller.cc:49
2025/04/06 19:19:195959 INFO  fd total count:2 - EPollPoller.cc:32
2025/04/06 19:19:208027 DEBUG timeout! - EPollPoller.cc:49
2025/04/06 19:19:208053 INFO  fd total count:1 - EPollPoller.cc:32
2025/04/06 19:19:218790 DEBUG timeout! - EPollPoller.cc:49
2025/04/06 19:19:218829 INFO  fd total count:1 - EPollPoller.cc:32
2025/04/06 19:19:220826 DEBUG timeout! - EPollPoller.cc:49
2025/04/06 19:19:220852 INFO  fd total count:1 - EPollPoller.cc:32
