2025/04/06 20:07:211329 DEBUG EventLoop createdtruein thread13220 - EventLoop.cc:53
2025/04/06 20:07:211374 INFO  func =>fd4events=3index=-1 - EPollPoller.cc:66
2025/04/06 20:07:211649 DEBUG EventLoop createdtruein thread13222 - EventLoop.cc:53
2025/04/06 20:07:211662 INFO  func =>fd8events=3index=-1 - EPollPoller.cc:66
2025/04/06 20:07:211697 INFO  EventLoop start looping - EventLoop.cc:82
2025/04/06 20:07:211708 INFO  fd total count:1 - EPollPoller.cc:32
2025/04/06 20:07:211834 DEBUG EventLoop createdtruein thread13223 - EventLoop.cc:53
2025/04/06 20:07:211844 INFO  func =>fd10events=3index=-1 - EPollPoller.cc:66
2025/04/06 20:07:211853 INFO  EventLoop start looping - EventLoop.cc:82
2025/04/06 20:07:211856 INFO  fd total count:1 - EPollPoller.cc:32
2025/04/06 20:07:211998 DEBUG EventLoop createdtruein thread13224 - EventLoop.cc:53
2025/04/06 20:07:212010 INFO  func =>fd12events=3index=-1 - EPollPoller.cc:66
2025/04/06 20:07:212031 INFO  EventLoop start looping - EventLoop.cc:82
2025/04/06 20:07:212037 INFO  fd total count:1 - EPollPoller.cc:32
2025/04/06 20:07:212082 INFO  func =>fd6events=3index=-1 - EPollPoller.cc:66
2025/04/06 20:07:212119 INFO  EventLoop start looping - EventLoop.cc:82
2025/04/06 20:07:212123 INFO  fd total count:2 - EPollPoller.cc:32
2025/04/06 20:07:212898 DEBUG timeout! - EPollPoller.cc:49
2025/04/06 20:07:212941 INFO  fd total count:1 - EPollPoller.cc:32
2025/04/06 20:07:221958 DEBUG timeout! - EPollPoller.cc:49
2025/04/06 20:07:221958 DEBUG timeout! - EPollPoller.cc:49
2025/04/06 20:07:222016 INFO  fd total count:1 - EPollPoller.cc:32
2025/04/06 20:07:221973 DEBUG timeout! - EPollPoller.cc:49
2025/04/06 20:07:222050 INFO  fd total count:2 - EPollPoller.cc:32
2025/04/06 20:07:222001 INFO  fd total count:1 - EPollPoller.cc:32
2025/04/06 20:07:347630 INFO  events happend1 - EPollPoller.cc:40
2025/04/06 20:07:347679 INFO  channel handleEvent revents:1 - Channel.cc:73
2025/04/06 20:07:347763 ERROR EventLoopThreadPool::getNextLoop ERROR - EventLoopThreadPool.cc:43
2025/04/06 20:07:347775 INFO  TcpServer::newConnection [HttpServer]- new connection [HttpServer-127.0.0.1:8080#1]from %s127.0.0.1:59276 - TcpServer.cc:75
2025/04/06 20:07:347826 INFO  TcpConnection::ctor:[HttpServer-127.0.0.1:8080#1]at fd=13 - TcpConnection.cc:52
2025/04/06 20:07:347902 INFO  func =>fd13events=3index=-1 - EPollPoller.cc:66
2025/04/06 20:07:347915 INFO  HTTP Connection UP: 127.0.0.1:59276 - main.cc:96
2025/04/06 20:07:347926 INFO  fd total count:3 - EPollPoller.cc:32
2025/04/06 20:07:473113 INFO  events happend1 - EPollPoller.cc:40
2025/04/06 20:07:473155 INFO  channel handleEvent revents:1 - Channel.cc:73
2025/04/06 20:07:473316 INFO  fd total count:3 - EPollPoller.cc:32
2025/04/06 20:07:223021 DEBUG timeout! - EPollPoller.cc:49
2025/04/06 20:07:223056 INFO  fd total count:1 - EPollPoller.cc:32
2025/04/06 20:07:232316 DEBUG timeout! - EPollPoller.cc:49
2025/04/06 20:07:232343 INFO  fd total count:1 - EPollPoller.cc:32
2025/04/06 20:07:232349 DEBUG timeout! - EPollPoller.cc:49
2025/04/06 20:07:232364 INFO  fd total count:1 - EPollPoller.cc:32
2025/04/06 20:07:781101 INFO  events happend1 - EPollPoller.cc:40
2025/04/06 20:07:781127 INFO  channel handleEvent revents:1 - Channel.cc:73
2025/04/06 20:07:781229 INFO  fd total count:3 - EPollPoller.cc:32
2025/04/06 20:07:227881 DEBUG timeout! - EPollPoller.cc:49
2025/04/06 20:07:227908 INFO  fd total count:1 - EPollPoller.cc:32
2025/04/06 20:07:237427 DEBUG timeout! - EPollPoller.cc:49
2025/04/06 20:07:237460 INFO  fd total count:1 - EPollPoller.cc:32
2025/04/06 20:07:242747 DEBUG timeout! - EPollPoller.cc:49
2025/04/06 20:07:242763 INFO  fd total count:1 - EPollPoller.cc:32
2025/04/06 20:07:449548 INFO  events happend1 - EPollPoller.cc:40
2025/04/06 20:07:449582 INFO  channel handleEvent revents:1 - Channel.cc:73
2025/04/06 20:07:449600 INFO  TcpConnection::handleClose fd=13state=2 - TcpConnection.cc:241
2025/04/06 20:07:449608 INFO  func =>fd13events=0index=1 - EPollPoller.cc:66
2025/04/06 20:07:449620 INFO  HTTP Connection DOWN: 127.0.0.1:59276 - main.cc:98
2025/04/06 20:07:449656 INFO  TcpServer::removeConnectionInLoop [HttpServer] - connection %sHttpServer-127.0.0.1:8080#1 - TcpServer.cc:114
2025/04/06 20:07:449724 INFO  removeChannel fd=13 - EPollPoller.cc:102
2025/04/06 20:07:449731 INFO  TcpConnection::dtor[HttpServer-127.0.0.1:8080#1]at fd=13state=0 - TcpConnection.cc:58
2025/04/06 20:07:449786 INFO  fd total count:2 - EPollPoller.cc:32
2025/04/06 20:07:134188 INFO  events happend1 - EPollPoller.cc:40
2025/04/06 20:07:134215 INFO  channel handleEvent revents:1 - Channel.cc:73
2025/04/06 20:07:134246 ERROR EventLoopThreadPool::getNextLoop ERROR - EventLoopThreadPool.cc:43
2025/04/06 20:07:134252 INFO  TcpServer::newConnection [HttpServer]- new connection [HttpServer-127.0.0.1:8080#2]from %s127.0.0.1:51724 - TcpServer.cc:75
2025/04/06 20:07:134264 INFO  TcpConnection::ctor:[HttpServer-127.0.0.1:8080#2]at fd=13 - TcpConnection.cc:52
2025/04/06 20:07:134280 INFO  func =>fd13events=3index=-1 - EPollPoller.cc:66
2025/04/06 20:07:134293 INFO  HTTP Connection UP: 127.0.0.1:51724 - main.cc:96
2025/04/06 20:07:134300 INFO  fd total count:3 - EPollPoller.cc:32
2025/04/06 20:07:710688 INFO  events happend1 - EPollPoller.cc:40
2025/04/06 20:07:710722 INFO  channel handleEvent revents:1 - Channel.cc:73
2025/04/06 20:07:710820 INFO  fd total count:3 - EPollPoller.cc:32
2025/04/06 20:07:344500 INFO  events happend1 - EPollPoller.cc:40
2025/04/06 20:07:344533 INFO  channel handleEvent revents:1 - Channel.cc:73
2025/04/06 20:07:344551 INFO  TcpConnection::handleClose fd=13state=2 - TcpConnection.cc:241
2025/04/06 20:07:344556 INFO  func =>fd13events=0index=1 - EPollPoller.cc:66
2025/04/06 20:07:344564 INFO  HTTP Connection DOWN: 127.0.0.1:51724 - main.cc:98
2025/04/06 20:07:344577 INFO  TcpServer::removeConnectionInLoop [HttpServer] - connection %sHttpServer-127.0.0.1:8080#2 - TcpServer.cc:114
2025/04/06 20:07:344594 INFO  removeChannel fd=13 - EPollPoller.cc:102
2025/04/06 20:07:344599 INFO  TcpConnection::dtor[HttpServer-127.0.0.1:8080#2]at fd=13state=0 - TcpConnection.cc:58
2025/04/06 20:07:344632 INFO  fd total count:2 - EPollPoller.cc:32
2025/04/06 20:07:320819 INFO  events happend1 - EPollPoller.cc:40
2025/04/06 20:07:320843 INFO  channel handleEvent revents:1 - Channel.cc:73
2025/04/06 20:07:320869 ERROR EventLoopThreadPool::getNextLoop ERROR - EventLoopThreadPool.cc:43
2025/04/06 20:07:320874 INFO  TcpServer::newConnection [HttpServer]- new connection [HttpServer-127.0.0.1:8080#3]from %s127.0.0.1:58862 - TcpServer.cc:75
2025/04/06 20:07:320886 INFO  TcpConnection::ctor:[HttpServer-127.0.0.1:8080#3]at fd=13 - TcpConnection.cc:52
2025/04/06 20:07:320901 INFO  func =>fd13events=3index=-1 - EPollPoller.cc:66
2025/04/06 20:07:320912 INFO  HTTP Connection UP: 127.0.0.1:58862 - main.cc:96
2025/04/06 20:07:320920 INFO  fd total count:3 - EPollPoller.cc:32
2025/04/06 20:07:189870 INFO  events happend1 - EPollPoller.cc:40
2025/04/06 20:07:189905 INFO  channel handleEvent revents:1 - Channel.cc:73
2025/04/06 20:07:189974 INFO  fd total count:3 - EPollPoller.cc:32
2025/04/06 20:07:238394 DEBUG timeout! - EPollPoller.cc:49
2025/04/06 20:07:238424 INFO  fd total count:1 - EPollPoller.cc:32
2025/04/06 20:07:247455 DEBUG timeout! - EPollPoller.cc:49
2025/04/06 20:07:247492 INFO  fd total count:1 - EPollPoller.cc:32
2025/04/06 20:07:250374 DEBUG timeout! - EPollPoller.cc:49
2025/04/06 20:07:250391 INFO  fd total count:1 - EPollPoller.cc:32
2025/04/06 20:08:191538 DEBUG timeout! - EPollPoller.cc:49
2025/04/06 20:08:191568 INFO  fd total count:3 - EPollPoller.cc:32
2025/04/06 20:08:248827 DEBUG timeout! - EPollPoller.cc:49
2025/04/06 20:08:248865 INFO  fd total count:1 - EPollPoller.cc:32
2025/04/06 20:08:257626 DEBUG timeout! - EPollPoller.cc:49
2025/04/06 20:08:257640 INFO  fd total count:1 - EPollPoller.cc:32
2025/04/06 20:08:259178 DEBUG timeout! - EPollPoller.cc:49
2025/04/06 20:08:259193 INFO  fd total count:1 - EPollPoller.cc:32
2025/04/06 20:08:605053 INFO  events happend1 - EPollPoller.cc:40
2025/04/06 20:08:605087 INFO  channel handleEvent revents:1 - Channel.cc:73
2025/04/06 20:08:605104 INFO  TcpConnection::handleClose fd=13state=2 - TcpConnection.cc:241
2025/04/06 20:08:605110 INFO  func =>fd13events=0index=1 - EPollPoller.cc:66
2025/04/06 20:08:605118 INFO  HTTP Connection DOWN: 127.0.0.1:58862 - main.cc:98
2025/04/06 20:08:605131 INFO  TcpServer::removeConnectionInLoop [HttpServer] - connection %sHttpServer-127.0.0.1:8080#3 - TcpServer.cc:114
2025/04/06 20:08:605149 INFO  removeChannel fd=13 - EPollPoller.cc:102
2025/04/06 20:08:605153 INFO  TcpConnection::dtor[HttpServer-127.0.0.1:8080#3]at fd=13state=0 - TcpConnection.cc:58
2025/04/06 20:08:605187 INFO  fd total count:2 - EPollPoller.cc:32
2025/04/06 20:08:254551 DEBUG timeout! - EPollPoller.cc:49
2025/04/06 20:08:254587 INFO  fd total count:1 - EPollPoller.cc:32
2025/04/06 20:08:265538 DEBUG timeout! - EPollPoller.cc:49
2025/04/06 20:08:265559 INFO  fd total count:1 - EPollPoller.cc:32
2025/04/06 20:08:267938 DEBUG timeout! - EPollPoller.cc:49
2025/04/06 20:08:267951 INFO  fd total count:1 - EPollPoller.cc:32
2025/04/06 20:08:613973 DEBUG timeout! - EPollPoller.cc:49
2025/04/06 20:08:614010 INFO  fd total count:2 - EPollPoller.cc:32
2025/04/06 20:08:471023 INFO  events happend1 - EPollPoller.cc:40
2025/04/06 20:08:471046 INFO  channel handleEvent revents:1 - Channel.cc:73
2025/04/06 20:08:471071 ERROR EventLoopThreadPool::getNextLoop ERROR - EventLoopThreadPool.cc:43
2025/04/06 20:08:471076 INFO  TcpServer::newConnection [HttpServer]- new connection [HttpServer-127.0.0.1:8080#4]from %s127.0.0.1:41604 - TcpServer.cc:75
2025/04/06 20:08:471098 INFO  TcpConnection::ctor:[HttpServer-127.0.0.1:8080#4]at fd=13 - TcpConnection.cc:52
2025/04/06 20:08:471117 INFO  func =>fd13events=3index=-1 - EPollPoller.cc:66
2025/04/06 20:08:471129 INFO  HTTP Connection UP: 127.0.0.1:41604 - main.cc:96
2025/04/06 20:08:471136 INFO  fd total count:3 - EPollPoller.cc:32
2025/04/06 20:08:471140 INFO  events happend1 - EPollPoller.cc:40
2025/04/06 20:08:471143 INFO  channel handleEvent revents:1 - Channel.cc:73
2025/04/06 20:08:471239 INFO  fd total count:3 - EPollPoller.cc:32
2025/04/06 20:08:471499 INFO  events happend1 - EPollPoller.cc:40
2025/04/06 20:08:471509 INFO  channel handleEvent revents:1 - Channel.cc:73
2025/04/06 20:08:471518 INFO  TcpConnection::handleClose fd=13state=2 - TcpConnection.cc:241
2025/04/06 20:08:471522 INFO  func =>fd13events=0index=1 - EPollPoller.cc:66
2025/04/06 20:08:471527 INFO  HTTP Connection DOWN: 127.0.0.1:41604 - main.cc:98
2025/04/06 20:08:471534 INFO  TcpServer::removeConnectionInLoop [HttpServer] - connection %sHttpServer-127.0.0.1:8080#4 - TcpServer.cc:114
2025/04/06 20:08:471545 INFO  removeChannel fd=13 - EPollPoller.cc:102
2025/04/06 20:08:471549 INFO  TcpConnection::dtor[HttpServer-127.0.0.1:8080#4]at fd=13state=0 - TcpConnection.cc:58
2025/04/06 20:08:471572 INFO  fd total count:2 - EPollPoller.cc:32
2025/04/06 20:08:262138 DEBUG timeout! - EPollPoller.cc:49
2025/04/06 20:08:262175 INFO  fd total count:1 - EPollPoller.cc:32
2025/04/06 20:08:275653 DEBUG timeout! - EPollPoller.cc:49
2025/04/06 20:08:275662 DEBUG timeout! - EPollPoller.cc:49
2025/04/06 20:08:275698 INFO  fd total count:1 - EPollPoller.cc:32
2025/04/06 20:08:275710 INFO  fd total count:1 - EPollPoller.cc:32
2025/04/06 20:08:481719 DEBUG timeout! - EPollPoller.cc:49
2025/04/06 20:08:481787 INFO  fd total count:2 - EPollPoller.cc:32
2025/04/06 20:08:265848 DEBUG timeout! - EPollPoller.cc:49
2025/04/06 20:08:265898 INFO  fd total count:1 - EPollPoller.cc:32
2025/04/06 20:08:278814 DEBUG timeout! - EPollPoller.cc:49
2025/04/06 20:08:278844 INFO  fd total count:1 - EPollPoller.cc:32
2025/04/06 20:08:285960 DEBUG timeout! - EPollPoller.cc:49
2025/04/06 20:08:285981 INFO  fd total count:1 - EPollPoller.cc:32
2025/04/06 20:08:491279 DEBUG timeout! - EPollPoller.cc:49
2025/04/06 20:08:491317 INFO  fd total count:2 - EPollPoller.cc:32
2025/04/06 20:08:276350 DEBUG timeout! - EPollPoller.cc:49
2025/04/06 20:08:276396 INFO  fd total count:1 - EPollPoller.cc:32
2025/04/06 20:08:287311 DEBUG timeout! - EPollPoller.cc:49
2025/04/06 20:08:287316 DEBUG timeout! - EPollPoller.cc:49
2025/04/06 20:08:287375 INFO  fd total count:1 - EPollPoller.cc:32
2025/04/06 20:08:287355 INFO  fd total count:1 - EPollPoller.cc:32
2025/04/06 20:08:501856 DEBUG timeout! - EPollPoller.cc:49
2025/04/06 20:08:501892 INFO  fd total count:2 - EPollPoller.cc:32
2025/04/06 20:08:286859 DEBUG timeout! - EPollPoller.cc:49
2025/04/06 20:08:286927 INFO  fd total count:1 - EPollPoller.cc:32
2025/04/06 20:08:288717 DEBUG timeout! - EPollPoller.cc:49
2025/04/06 20:08:288737 INFO  fd total count:1 - EPollPoller.cc:32
2025/04/06 20:08:294103 DEBUG timeout! - EPollPoller.cc:49
2025/04/06 20:08:294116 INFO  fd total count:1 - EPollPoller.cc:32
2025/04/06 20:09:512096 DEBUG timeout! - EPollPoller.cc:49
2025/04/06 20:09:512133 INFO  fd total count:2 - EPollPoller.cc:32
2025/04/06 20:09:294855 DEBUG timeout! - EPollPoller.cc:49
2025/04/06 20:09:294886 INFO  fd total count:1 - EPollPoller.cc:32
2025/04/06 20:09:298988 DEBUG timeout! - EPollPoller.cc:49
2025/04/06 20:09:298998 DEBUG timeout! - EPollPoller.cc:49
2025/04/06 20:09:299004 INFO  fd total count:1 - EPollPoller.cc:32
2025/04/06 20:09:299010 INFO  fd total count:1 - EPollPoller.cc:32
2025/04/06 20:09:513514 DEBUG timeout! - EPollPoller.cc:49
2025/04/06 20:09:513551 INFO  fd total count:2 - EPollPoller.cc:32
2025/04/06 20:09:299953 DEBUG timeout! - EPollPoller.cc:49
2025/04/06 20:09:300075 INFO  fd total count:1 - EPollPoller.cc:32
2025/04/06 20:09:305234 DEBUG timeout! - EPollPoller.cc:49
2025/04/06 20:09:305275 INFO  fd total count:1 - EPollPoller.cc:32
2025/04/06 20:09:309271 DEBUG timeout! - EPollPoller.cc:49
2025/04/06 20:09:309291 INFO  fd total count:1 - EPollPoller.cc:32
2025/04/06 20:09:514900 DEBUG timeout! - EPollPoller.cc:49
2025/04/06 20:09:514990 INFO  fd total count:2 - EPollPoller.cc:32
2025/04/06 20:09:304047 DEBUG timeout! - EPollPoller.cc:49
2025/04/06 20:09:304086 INFO  fd total count:1 - EPollPoller.cc:32
2025/04/06 20:09:310466 DEBUG timeout! - EPollPoller.cc:49
2025/04/06 20:09:310489 INFO  fd total count:1 - EPollPoller.cc:32
2025/04/06 20:09:319485 DEBUG timeout! - EPollPoller.cc:49
2025/04/06 20:09:319519 INFO  fd total count:1 - EPollPoller.cc:32
2025/04/06 20:09:520948 DEBUG timeout! - EPollPoller.cc:49
2025/04/06 20:09:520985 INFO  fd total count:2 - EPollPoller.cc:32
2025/04/06 20:09:310614 DEBUG timeout! - EPollPoller.cc:49
2025/04/06 20:09:310651 INFO  fd total count:1 - EPollPoller.cc:32
2025/04/06 20:09:314515 DEBUG timeout! - EPollPoller.cc:49
2025/04/06 20:09:314552 INFO  fd total count:1 - EPollPoller.cc:32
2025/04/06 20:09:329742 DEBUG timeout! - EPollPoller.cc:49
2025/04/06 20:09:329808 INFO  fd total count:1 - EPollPoller.cc:32
2025/04/06 20:09:531334 DEBUG timeout! - EPollPoller.cc:49
2025/04/06 20:09:531384 INFO  fd total count:2 - EPollPoller.cc:32
2025/04/06 20:09:310875 DEBUG timeout! - EPollPoller.cc:49
2025/04/06 20:09:310925 INFO  fd total count:1 - EPollPoller.cc:32
2025/04/06 20:09:324683 DEBUG timeout! - EPollPoller.cc:49
2025/04/06 20:09:324715 INFO  fd total count:1 - EPollPoller.cc:32
2025/04/06 20:09:339962 DEBUG timeout! - EPollPoller.cc:49
2025/04/06 20:09:339998 INFO  fd total count:1 - EPollPoller.cc:32
