2025/04/06 19:12:808104 DEBUG EventLoop createdtruein thread7825 - EventLoop.cc:53
2025/04/06 19:12:808173 INFO  func =>fd5events=3index=-1 - EPollPoller.cc:66
2025/04/06 19:12:808662 DEBUG EventLoop createdtruein thread7827 - EventLoop.cc:53
2025/04/06 19:12:808674 INFO  func =>fd8events=3index=-1 - EPollPoller.cc:66
2025/04/06 19:12:808691 INFO  EventLoop start looping - EventLoop.cc:82
2025/04/06 19:12:808695 INFO  fd total count:1 - EPollPoller.cc:32
2025/04/06 19:12:808924 DEBUG EventLoop createdtruein thread7828 - EventLoop.cc:53
2025/04/06 19:12:808934 INFO  func =>fd10events=3index=-1 - EPollPoller.cc:66
2025/04/06 19:12:808957 INFO  EventLoop start looping - EventLoop.cc:82
2025/04/06 19:12:808965 INFO  fd total count:1 - EPollPoller.cc:32
2025/04/06 19:12:809162 DEBUG EventLoop createdtruein thread7829 - EventLoop.cc:53
2025/04/06 19:12:809175 INFO  func =>fd12events=3index=-1 - EPollPoller.cc:66
2025/04/06 19:12:809198 INFO  EventLoop start looping - EventLoop.cc:82
2025/04/06 19:12:809204 INFO  fd total count:1 - EPollPoller.cc:32
2025/04/06 19:12:809236 INFO  func =>fd6events=3index=-1 - EPollPoller.cc:66
2025/04/06 19:12:809282 INFO  EventLoop start looping - EventLoop.cc:82
2025/04/06 19:12:809287 INFO  fd total count:2 - EPollPoller.cc:32
2025/04/06 19:13:809726 DEBUG timeout! - EPollPoller.cc:49
2025/04/06 19:13:809783 INFO  fd total count:2 - EPollPoller.cc:32
2025/04/06 19:13:819156 DEBUG timeout! - EPollPoller.cc:49
2025/04/06 19:13:819170 DEBUG timeout! - EPollPoller.cc:49
2025/04/06 19:13:819234 INFO  fd total count:1 - EPollPoller.cc:32
2025/04/06 19:13:819186 DEBUG timeout! - EPollPoller.cc:49
2025/04/06 19:13:819274 INFO  fd total count:1 - EPollPoller.cc:32
2025/04/06 19:13:819234 INFO  fd total count:1 - EPollPoller.cc:32
2025/04/06 19:13:813050 DEBUG timeout! - EPollPoller.cc:49
2025/04/06 19:13:813082 INFO  fd total count:2 - EPollPoller.cc:32
2025/04/06 19:13:829609 DEBUG timeout! - EPollPoller.cc:49
2025/04/06 19:13:829609 DEBUG timeout! - EPollPoller.cc:49
2025/04/06 19:13:829615 DEBUG timeout! - EPollPoller.cc:49
2025/04/06 19:13:829683 INFO  fd total count:1 - EPollPoller.cc:32
2025/04/06 19:13:829659 INFO  fd total count:1 - EPollPoller.cc:32
2025/04/06 19:13:829671 INFO  fd total count:1 - EPollPoller.cc:32
2025/04/06 19:13:813209 DEBUG timeout! - EPollPoller.cc:49
2025/04/06 19:13:813243 INFO  fd total count:2 - EPollPoller.cc:32
2025/04/06 19:13:832178 DEBUG timeout! - EPollPoller.cc:49
2025/04/06 19:13:832200 DEBUG timeout! - EPollPoller.cc:49
2025/04/06 19:13:832212 INFO  fd total count:1 - EPollPoller.cc:32
2025/04/06 19:13:832214 INFO  fd total count:1 - EPollPoller.cc:32
2025/04/06 19:13:837868 DEBUG timeout! - EPollPoller.cc:49
2025/04/06 19:13:837912 INFO  fd total count:1 - EPollPoller.cc:32
2025/04/06 19:13:823107 DEBUG timeout! - EPollPoller.cc:49
2025/04/06 19:13:823144 INFO  fd total count:2 - EPollPoller.cc:32
2025/04/06 19:13:842138 DEBUG timeout! - EPollPoller.cc:49
2025/04/06 19:13:842179 INFO  fd total count:1 - EPollPoller.cc:32
2025/04/06 19:13:842563 DEBUG timeout! - EPollPoller.cc:49
2025/04/06 19:13:842577 INFO  fd total count:1 - EPollPoller.cc:32
2025/04/06 19:13:848086 DEBUG timeout! - EPollPoller.cc:49
2025/04/06 19:13:848108 INFO  fd total count:1 - EPollPoller.cc:32
2025/04/06 19:13:827570 DEBUG timeout! - EPollPoller.cc:49
2025/04/06 19:13:827604 INFO  fd total count:2 - EPollPoller.cc:32
2025/04/06 19:13:851625 DEBUG timeout! - EPollPoller.cc:49
2025/04/06 19:13:851630 DEBUG timeout! - EPollPoller.cc:49
2025/04/06 19:13:851691 INFO  fd total count:1 - EPollPoller.cc:32
2025/04/06 19:13:851664 INFO  fd total count:1 - EPollPoller.cc:32
2025/04/06 19:13:854635 DEBUG timeout! - EPollPoller.cc:49
2025/04/06 19:13:854649 INFO  fd total count:1 - EPollPoller.cc:32
2025/04/06 19:13:834208 DEBUG timeout! - EPollPoller.cc:49
2025/04/06 19:13:834246 INFO  fd total count:2 - EPollPoller.cc:32
2025/04/06 19:13:855598 DEBUG timeout! - EPollPoller.cc:49
2025/04/06 19:13:855638 INFO  fd total count:1 - EPollPoller.cc:32
2025/04/06 19:13:862117 DEBUG timeout! - EPollPoller.cc:49
2025/04/06 19:13:862175 INFO  fd total count:1 - EPollPoller.cc:32
2025/04/06 19:13:864575 DEBUG timeout! - EPollPoller.cc:49
2025/04/06 19:13:864615 INFO  fd total count:1 - EPollPoller.cc:32
2025/04/06 19:14:836317 DEBUG timeout! - EPollPoller.cc:49
2025/04/06 19:14:836351 INFO  fd total count:2 - EPollPoller.cc:32
2025/04/06 19:14:865185 DEBUG timeout! - EPollPoller.cc:49
2025/04/06 19:14:865224 INFO  fd total count:1 - EPollPoller.cc:32
2025/04/06 19:14:867173 DEBUG timeout! - EPollPoller.cc:49
2025/04/06 19:14:867209 INFO  fd total count:1 - EPollPoller.cc:32
2025/04/06 19:14:867181 DEBUG timeout! - EPollPoller.cc:49
2025/04/06 19:14:867232 INFO  fd total count:1 - EPollPoller.cc:32
2025/04/06 19:14:846638 DEBUG timeout! - EPollPoller.cc:49
2025/04/06 19:14:846678 INFO  fd total count:2 - EPollPoller.cc:32
2025/04/06 19:14:868058 DEBUG timeout! - EPollPoller.cc:49
2025/04/06 19:14:868095 INFO  fd total count:1 - EPollPoller.cc:32
2025/04/06 19:14:875746 DEBUG timeout! - EPollPoller.cc:49
2025/04/06 19:14:875833 DEBUG timeout! - EPollPoller.cc:49
2025/04/06 19:14:875864 INFO  fd total count:1 - EPollPoller.cc:32
2025/04/06 19:14:875864 INFO  fd total count:1 - EPollPoller.cc:32
2025/04/06 19:14:857201 DEBUG timeout! - EPollPoller.cc:49
2025/04/06 19:14:857397 INFO  fd total count:2 - EPollPoller.cc:32
2025/04/06 19:14:875936 DEBUG timeout! - EPollPoller.cc:49
2025/04/06 19:14:875975 INFO  fd total count:1 - EPollPoller.cc:32
2025/04/06 19:14:878456 DEBUG timeout! - EPollPoller.cc:49
2025/04/06 19:14:878484 INFO  fd total count:1 - EPollPoller.cc:32
2025/04/06 19:14:885895 DEBUG timeout! - EPollPoller.cc:49
2025/04/06 19:14:885935 INFO  fd total count:1 - EPollPoller.cc:32
2025/04/06 19:14:859252 DEBUG timeout! - EPollPoller.cc:49
2025/04/06 19:14:859296 INFO  fd total count:2 - EPollPoller.cc:32
2025/04/06 19:14:876916 DEBUG timeout! - EPollPoller.cc:49
2025/04/06 19:14:876953 INFO  fd total count:1 - EPollPoller.cc:32
2025/04/06 19:14:879899 DEBUG timeout! - EPollPoller.cc:49
2025/04/06 19:14:879913 INFO  fd total count:1 - EPollPoller.cc:32
2025/04/06 19:14:896203 DEBUG timeout! - EPollPoller.cc:49
2025/04/06 19:14:896236 INFO  fd total count:1 - EPollPoller.cc:32
2025/04/06 19:14:869370 DEBUG timeout! - EPollPoller.cc:49
2025/04/06 19:14:869409 INFO  fd total count:2 - EPollPoller.cc:32
2025/04/06 19:14:883866 DEBUG timeout! - EPollPoller.cc:49
2025/04/06 19:14:883903 INFO  fd total count:1 - EPollPoller.cc:32
2025/04/06 19:14:887417 DEBUG timeout! - EPollPoller.cc:49
2025/04/06 19:14:887524 INFO  fd total count:1 - EPollPoller.cc:32
2025/04/06 19:14:904645 DEBUG timeout! - EPollPoller.cc:49
2025/04/06 19:14:904684 INFO  fd total count:1 - EPollPoller.cc:32
2025/04/06 19:14:869818 DEBUG timeout! - EPollPoller.cc:49
2025/04/06 19:14:869855 INFO  fd total count:2 - EPollPoller.cc:32
2025/04/06 19:14:894115 DEBUG timeout! - EPollPoller.cc:49
2025/04/06 19:14:894177 INFO  fd total count:1 - EPollPoller.cc:32
2025/04/06 19:14:896161 DEBUG timeout! - EPollPoller.cc:49
2025/04/06 19:14:896224 INFO  fd total count:1 - EPollPoller.cc:32
2025/04/06 19:14:912686 DEBUG timeout! - EPollPoller.cc:49
2025/04/06 19:14:912739 INFO  fd total count:1 - EPollPoller.cc:32
2025/04/06 19:15:880118 DEBUG timeout! - EPollPoller.cc:49
2025/04/06 19:15:880171 INFO  fd total count:2 - EPollPoller.cc:32
2025/04/06 19:15:897019 DEBUG timeout! - EPollPoller.cc:49
2025/04/06 19:15:897056 INFO  fd total count:1 - EPollPoller.cc:32
2025/04/06 19:15:904535 DEBUG timeout! - EPollPoller.cc:49
2025/04/06 19:15:904574 INFO  fd total count:1 - EPollPoller.cc:32
2025/04/06 19:15:922037 DEBUG timeout! - EPollPoller.cc:49
2025/04/06 19:15:922072 INFO  fd total count:1 - EPollPoller.cc:32
2025/04/06 19:15:881998 DEBUG timeout! - EPollPoller.cc:49
2025/04/06 19:15:882038 INFO  fd total count:2 - EPollPoller.cc:32
2025/04/06 19:15:907600 DEBUG timeout! - EPollPoller.cc:49
2025/04/06 19:15:907636 INFO  fd total count:1 - EPollPoller.cc:32
2025/04/06 19:15:912459 DEBUG timeout! - EPollPoller.cc:49
2025/04/06 19:15:912496 INFO  fd total count:1 - EPollPoller.cc:32
2025/04/06 19:15:932329 DEBUG timeout! - EPollPoller.cc:49
2025/04/06 19:15:932365 INFO  fd total count:1 - EPollPoller.cc:32
