2025/04/06 11:30:718009 DEBUG EventLoop createdtruein thread177955 - EventLoop.cc:53
2025/04/06 11:30:718065 INFO  func =>fd4events=3index=-1 - EPollPoller.cc:66
2025/04/06 11:30:718364 DEBUG EventLoop createdtruein thread177957 - EventLoop.cc:53
2025/04/06 11:30:718376 INFO  func =>fd8events=3index=-1 - EPollPoller.cc:66
2025/04/06 11:30:718405 INFO  EventLoop start looping - EventLoop.cc:82
2025/04/06 11:30:718413 INFO  fd total count:1 - EPollPoller.cc:32
2025/04/06 11:30:718588 DEBUG EventLoop createdtruein thread177958 - EventLoop.cc:53
2025/04/06 11:30:718600 INFO  func =>fd10events=3index=-1 - EPollPoller.cc:66
2025/04/06 11:30:718622 INFO  EventLoop start looping - EventLoop.cc:82
2025/04/06 11:30:718628 INFO  fd total count:1 - EPollPoller.cc:32
2025/04/06 11:30:718731 DEBUG EventLoop createdtruein thread177959 - EventLoop.cc:53
2025/04/06 11:30:718740 INFO  func =>fd12events=3index=-1 - EPollPoller.cc:66
2025/04/06 11:30:718760 INFO  EventLoop start looping - EventLoop.cc:82
2025/04/06 11:30:718768 INFO  fd total count:1 - EPollPoller.cc:32
2025/04/06 11:30:718827 INFO  func =>fd6events=3index=-1 - EPollPoller.cc:66
2025/04/06 11:30:718877 INFO  EventLoop start looping - EventLoop.cc:82
2025/04/06 11:30:718887 INFO  fd total count:2 - EPollPoller.cc:32
2025/04/06 11:30:111278 INFO  events happend1 - EPollPoller.cc:40
2025/04/06 11:30:111328 INFO  channel handleEvent revents:1 - Channel.cc:73
2025/04/06 11:30:111425 ERROR EventLoopThreadPool::getNextLoop ERROR - EventLoopThreadPool.cc:43
2025/04/06 11:30:111440 INFO  TcpServer::newConnection [HttpServer]- new connection [HttpServer-127.0.0.1:8080#1]from %s127.0.0.1:45248 - TcpServer.cc:75
2025/04/06 11:30:111493 INFO  TcpConnection::ctor:[HttpServer-127.0.0.1:8080#1]at fd=13 - TcpConnection.cc:52
2025/04/06 11:30:111583 INFO  func =>fd13events=3index=-1 - EPollPoller.cc:66
2025/04/06 11:30:111599 INFO  HTTP Connection UP :127.0.0.1:45248 - main.cc:107
2025/04/06 11:30:111622 INFO  fd total count:3 - EPollPoller.cc:32
2025/04/06 11:30:725847 DEBUG timeout! - EPollPoller.cc:49
2025/04/06 11:30:725853 DEBUG timeout! - EPollPoller.cc:49
2025/04/06 11:30:725911 INFO  fd total count:1 - EPollPoller.cc:32
2025/04/06 11:30:725889 INFO  fd total count:1 - EPollPoller.cc:32
2025/04/06 11:30:728829 DEBUG timeout! - EPollPoller.cc:49
2025/04/06 11:30:728843 INFO  fd total count:1 - EPollPoller.cc:32
2025/04/06 11:30:012039 INFO  events happend1 - EPollPoller.cc:40
2025/04/06 11:30:012161 INFO  channel handleEvent revents:1 - Channel.cc:73
2025/04/06 11:30:012415 INFO  fd total count:3 - EPollPoller.cc:32
2025/04/06 11:30:060804 INFO  events happend1 - EPollPoller.cc:40
2025/04/06 11:30:060833 INFO  channel handleEvent revents:1 - Channel.cc:73
2025/04/06 11:30:060866 ERROR EventLoopThreadPool::getNextLoop ERROR - EventLoopThreadPool.cc:43
2025/04/06 11:30:060872 INFO  TcpServer::newConnection [HttpServer]- new connection [HttpServer-127.0.0.1:8080#2]from %s127.0.0.1:39360 - TcpServer.cc:75
2025/04/06 11:30:060891 INFO  TcpConnection::ctor:[HttpServer-127.0.0.1:8080#2]at fd=14 - TcpConnection.cc:52
2025/04/06 11:30:060927 INFO  func =>fd14events=3index=-1 - EPollPoller.cc:66
2025/04/06 11:30:060945 INFO  HTTP Connection UP :127.0.0.1:39360 - main.cc:107
2025/04/06 11:30:060954 INFO  fd total count:4 - EPollPoller.cc:32
2025/04/06 11:30:888042 INFO  events happend1 - EPollPoller.cc:40
2025/04/06 11:30:888077 INFO  channel handleEvent revents:1 - Channel.cc:73
2025/04/06 11:30:888207 INFO  fd total count:4 - EPollPoller.cc:32
2025/04/06 11:30:897871 INFO  events happend1 - EPollPoller.cc:40
2025/04/06 11:30:897903 INFO  channel handleEvent revents:1 - Channel.cc:73
2025/04/06 11:30:897935 ERROR EventLoopThreadPool::getNextLoop ERROR - EventLoopThreadPool.cc:43
2025/04/06 11:30:897941 INFO  TcpServer::newConnection [HttpServer]- new connection [HttpServer-127.0.0.1:8080#3]from %s127.0.0.1:39372 - TcpServer.cc:75
2025/04/06 11:30:897962 INFO  TcpConnection::ctor:[HttpServer-127.0.0.1:8080#3]at fd=15 - TcpConnection.cc:52
2025/04/06 11:30:897981 INFO  func =>fd15events=3index=-1 - EPollPoller.cc:66
2025/04/06 11:30:897992 INFO  HTTP Connection UP :127.0.0.1:39372 - main.cc:107
2025/04/06 11:30:898000 INFO  fd total count:5 - EPollPoller.cc:32
2025/04/06 11:30:726920 DEBUG timeout! - EPollPoller.cc:49
2025/04/06 11:30:726962 INFO  fd total count:1 - EPollPoller.cc:32
2025/04/06 11:30:735964 DEBUG timeout! - EPollPoller.cc:49
2025/04/06 11:30:736014 INFO  fd total count:1 - EPollPoller.cc:32
2025/04/06 11:30:738928 DEBUG timeout! - EPollPoller.cc:49
2025/04/06 11:30:739059 INFO  fd total count:1 - EPollPoller.cc:32
2025/04/06 11:30:908557 DEBUG timeout! - EPollPoller.cc:49
2025/04/06 11:30:908595 INFO  fd total count:5 - EPollPoller.cc:32
2025/04/06 11:30:733036 DEBUG timeout! - EPollPoller.cc:49
2025/04/06 11:30:733087 INFO  fd total count:1 - EPollPoller.cc:32
2025/04/06 11:30:746344 DEBUG timeout! - EPollPoller.cc:49
2025/04/06 11:30:746379 INFO  fd total count:1 - EPollPoller.cc:32
2025/04/06 11:30:748831 DEBUG timeout! - EPollPoller.cc:49
2025/04/06 11:30:748845 INFO  fd total count:1 - EPollPoller.cc:32
2025/04/06 11:30:918872 DEBUG timeout! - EPollPoller.cc:49
2025/04/06 11:30:918912 INFO  fd total count:5 - EPollPoller.cc:32
2025/04/06 11:30:738191 DEBUG timeout! - EPollPoller.cc:49
2025/04/06 11:30:738239 INFO  fd total count:1 - EPollPoller.cc:32
2025/04/06 11:30:747607 DEBUG timeout! - EPollPoller.cc:49
2025/04/06 11:30:747670 INFO  fd total count:1 - EPollPoller.cc:32
2025/04/06 11:30:757684 DEBUG timeout! - EPollPoller.cc:49
2025/04/06 11:30:757722 INFO  fd total count:1 - EPollPoller.cc:32
