2025/04/03 20:54:213071 DEBUG EventLoop createdtruein thread58124 - EventLoop.cc:53
2025/04/03 20:54:213124 INFO  func =>fd5events=3index=-1 - EPollPoller.cc:66
2025/04/03 20:54:213473 DEBUG EventLoop createdtruein thread58126 - EventLoop.cc:53
2025/04/03 20:54:213486 INFO  func =>fd8events=3index=-1 - EPollPoller.cc:66
2025/04/03 20:54:213519 INFO  EventLoop start looping - EventLoop.cc:82
2025/04/03 20:54:213529 INFO  fd total count:1 - EPollPoller.cc:32
2025/04/03 20:54:213689 DEBUG EventLoop createdtruein thread58127 - EventLoop.cc:53
2025/04/03 20:54:213701 INFO  func =>fd10events=3index=-1 - EPollPoller.cc:66
2025/04/03 20:54:213711 INFO  EventLoop start looping - EventLoop.cc:82
2025/04/03 20:54:213714 INFO  fd total count:1 - EPollPoller.cc:32
2025/04/03 20:54:213846 DEBUG EventLoop createdtruein thread58128 - EventLoop.cc:53
2025/04/03 20:54:213856 INFO  func =>fd12events=3index=-1 - EPollPoller.cc:66
2025/04/03 20:54:213866 INFO  EventLoop start looping - EventLoop.cc:82
2025/04/03 20:54:213869 INFO  fd total count:1 - EPollPoller.cc:32
2025/04/03 20:54:224685 INFO  func =>fd6events=3index=-1 - EPollPoller.cc:66
2025/04/03 20:54:224777 INFO  EventLoop start looping - EventLoop.cc:82
2025/04/03 20:54:224783 INFO  fd total count:2 - EPollPoller.cc:32
2025/04/03 20:54:785970 INFO  events happend1 - EPollPoller.cc:40
2025/04/03 20:54:786016 INFO  channel handleEvent revents:1 - Channel.cc:73
2025/04/03 20:54:786088 ERROR EventLoopThreadPool::getNextLoop ERROR - EventLoopThreadPool.cc:43
2025/04/03 20:54:786097 INFO  TcpServer::newConnection [EchoServer]- new connection [EchoServer-127.0.0.1:8080#1]from %s127.0.0.1:54342 - TcpServer.cc:75
2025/04/03 20:54:786179 INFO  TcpConnection::ctor:[EchoServer-127.0.0.1:8080#1]at fd=13 - TcpConnection.cc:52
2025/04/03 20:54:786262 INFO  func =>fd13events=3index=-1 - EPollPoller.cc:66
2025/04/03 20:54:786276 INFO  Connection UP :127.0.0.1:54342 - main.cc:39
2025/04/03 20:54:786297 INFO  fd total count:3 - EPollPoller.cc:32
2025/04/03 20:54:216753 DEBUG timeout! - EPollPoller.cc:49
2025/04/03 20:54:216756 DEBUG timeout! - EPollPoller.cc:49
2025/04/03 20:54:216805 INFO  fd total count:1 - EPollPoller.cc:32
2025/04/03 20:54:216817 INFO  fd total count:1 - EPollPoller.cc:32
2025/04/03 20:54:223845 DEBUG timeout! - EPollPoller.cc:49
2025/04/03 20:54:223858 INFO  fd total count:1 - EPollPoller.cc:32
2025/04/03 20:54:387929 INFO  events happend1 - EPollPoller.cc:40
2025/04/03 20:54:387972 INFO  channel handleEvent revents:1 - Channel.cc:73
2025/04/03 20:54:388079 INFO  fd total count:3 - EPollPoller.cc:32
2025/04/03 20:54:221535 DEBUG timeout! - EPollPoller.cc:49
2025/04/03 20:54:221575 INFO  fd total count:1 - EPollPoller.cc:32
2025/04/03 20:54:226844 DEBUG timeout! - EPollPoller.cc:49
2025/04/03 20:54:226871 INFO  fd total count:1 - EPollPoller.cc:32
2025/04/03 20:54:234106 DEBUG timeout! - EPollPoller.cc:49
2025/04/03 20:54:234133 INFO  fd total count:1 - EPollPoller.cc:32
2025/04/03 20:54:397688 DEBUG timeout! - EPollPoller.cc:49
2025/04/03 20:54:397727 INFO  fd total count:3 - EPollPoller.cc:32
2025/04/03 20:54:423524 INFO  events happend1 - EPollPoller.cc:40
2025/04/03 20:54:423558 INFO  channel handleEvent revents:1 - Channel.cc:73
2025/04/03 20:54:423609 INFO  fd total count:3 - EPollPoller.cc:32
2025/04/03 20:54:225961 DEBUG timeout! - EPollPoller.cc:49
2025/04/03 20:54:226001 INFO  fd total count:1 - EPollPoller.cc:32
2025/04/03 20:54:237052 DEBUG timeout! - EPollPoller.cc:49
2025/04/03 20:54:237081 INFO  fd total count:1 - EPollPoller.cc:32
2025/04/03 20:54:240633 DEBUG timeout! - EPollPoller.cc:49
2025/04/03 20:54:240651 INFO  fd total count:1 - EPollPoller.cc:32
2025/04/03 20:54:430074 DEBUG timeout! - EPollPoller.cc:49
2025/04/03 20:54:430112 INFO  fd total count:3 - EPollPoller.cc:32
2025/04/03 20:54:236155 DEBUG timeout! - EPollPoller.cc:49
2025/04/03 20:54:236196 INFO  fd total count:1 - EPollPoller.cc:32
2025/04/03 20:54:240075 DEBUG timeout! - EPollPoller.cc:49
2025/04/03 20:54:240094 INFO  fd total count:1 - EPollPoller.cc:32
2025/04/03 20:54:251010 DEBUG timeout! - EPollPoller.cc:49
2025/04/03 20:54:251052 INFO  fd total count:1 - EPollPoller.cc:32
2025/04/03 20:54:432334 DEBUG timeout! - EPollPoller.cc:49
2025/04/03 20:54:432385 INFO  fd total count:3 - EPollPoller.cc:32
2025/04/03 20:54:245838 DEBUG timeout! - EPollPoller.cc:49
2025/04/03 20:54:245877 INFO  fd total count:1 - EPollPoller.cc:32
2025/04/03 20:54:250230 DEBUG timeout! - EPollPoller.cc:49
2025/04/03 20:54:250246 INFO  fd total count:1 - EPollPoller.cc:32
2025/04/03 20:54:261187 DEBUG timeout! - EPollPoller.cc:49
2025/04/03 20:54:261232 INFO  fd total count:1 - EPollPoller.cc:32
2025/04/03 20:54:436798 DEBUG timeout! - EPollPoller.cc:49
2025/04/03 20:54:436836 INFO  fd total count:3 - EPollPoller.cc:32
2025/04/03 20:55:256476 DEBUG timeout! - EPollPoller.cc:49
2025/04/03 20:55:256482 DEBUG timeout! - EPollPoller.cc:49
2025/04/03 20:55:256524 INFO  fd total count:1 - EPollPoller.cc:32
2025/04/03 20:55:256537 INFO  fd total count:1 - EPollPoller.cc:32
2025/04/03 20:55:271437 DEBUG timeout! - EPollPoller.cc:49
2025/04/03 20:55:271476 INFO  fd total count:1 - EPollPoller.cc:32
2025/04/03 20:55:447208 DEBUG timeout! - EPollPoller.cc:49
2025/04/03 20:55:447246 INFO  fd total count:3 - EPollPoller.cc:32
2025/04/03 20:55:263502 DEBUG timeout! - EPollPoller.cc:49
2025/04/03 20:55:263539 INFO  fd total count:1 - EPollPoller.cc:32
2025/04/03 20:55:267031 DEBUG timeout! - EPollPoller.cc:49
2025/04/03 20:55:267045 INFO  fd total count:1 - EPollPoller.cc:32
2025/04/03 20:55:281884 DEBUG timeout! - EPollPoller.cc:49
2025/04/03 20:55:281917 INFO  fd total count:1 - EPollPoller.cc:32
2025/04/03 20:55:453804 DEBUG timeout! - EPollPoller.cc:49
2025/04/03 20:55:453842 INFO  fd total count:3 - EPollPoller.cc:32
2025/04/03 20:55:273847 DEBUG timeout! - EPollPoller.cc:49
2025/04/03 20:55:273884 INFO  fd total count:1 - EPollPoller.cc:32
2025/04/03 20:55:276102 DEBUG timeout! - EPollPoller.cc:49
2025/04/03 20:55:276119 INFO  fd total count:1 - EPollPoller.cc:32
2025/04/03 20:55:292249 DEBUG timeout! - EPollPoller.cc:49
2025/04/03 20:55:292288 INFO  fd total count:1 - EPollPoller.cc:32
2025/04/03 20:55:463936 DEBUG timeout! - EPollPoller.cc:49
2025/04/03 20:55:463974 INFO  fd total count:3 - EPollPoller.cc:32
2025/04/03 20:55:281980 DEBUG timeout! - EPollPoller.cc:49
2025/04/03 20:55:282013 INFO  fd total count:1 - EPollPoller.cc:32
2025/04/03 20:55:284947 DEBUG timeout! - EPollPoller.cc:49
2025/04/03 20:55:284965 INFO  fd total count:1 - EPollPoller.cc:32
2025/04/03 20:55:295374 DEBUG timeout! - EPollPoller.cc:49
2025/04/03 20:55:295412 INFO  fd total count:1 - EPollPoller.cc:32
2025/04/03 20:55:474253 DEBUG timeout! - EPollPoller.cc:49
2025/04/03 20:55:474295 INFO  fd total count:3 - EPollPoller.cc:32
2025/04/03 20:55:284702 DEBUG timeout! - EPollPoller.cc:49
2025/04/03 20:55:284746 INFO  fd total count:1 - EPollPoller.cc:32
2025/04/03 20:55:295164 DEBUG timeout! - EPollPoller.cc:49
2025/04/03 20:55:295230 INFO  fd total count:1 - EPollPoller.cc:32
2025/04/03 20:55:300576 DEBUG timeout! - EPollPoller.cc:49
2025/04/03 20:55:300617 INFO  fd total count:1 - EPollPoller.cc:32
2025/04/03 20:55:484610 DEBUG timeout! - EPollPoller.cc:49
2025/04/03 20:55:484649 INFO  fd total count:3 - EPollPoller.cc:32
