2025/04/06 19:15:787660 DEBUG EventLoop createdtruein thread7962 - EventLoop.cc:53
2025/04/06 19:15:787717 INFO  func =>fd3events=3index=-1 - EPollPoller.cc:66
2025/04/06 19:15:788023 DEBUG EventLoop createdtruein thread7964 - EventLoop.cc:53
2025/04/06 19:15:788036 INFO  func =>fd8events=3index=-1 - EPollPoller.cc:66
2025/04/06 19:15:788066 INFO  EventLoop start looping - EventLoop.cc:82
2025/04/06 19:15:788073 INFO  fd total count:1 - EPollPoller.cc:32
2025/04/06 19:15:788256 DEBUG EventLoop createdtruein thread7965 - EventLoop.cc:53
2025/04/06 19:15:788268 INFO  func =>fd10events=3index=-1 - EPollPoller.cc:66
2025/04/06 19:15:788291 INFO  EventLoop start looping - EventLoop.cc:82
2025/04/06 19:15:788297 INFO  fd total count:1 - EPollPoller.cc:32
2025/04/06 19:15:788416 DEBUG EventLoop createdtruein thread7966 - EventLoop.cc:53
2025/04/06 19:15:788425 INFO  func =>fd12events=3index=-1 - EPollPoller.cc:66
2025/04/06 19:15:788447 INFO  EventLoop start looping - EventLoop.cc:82
2025/04/06 19:15:788455 INFO  fd total count:1 - EPollPoller.cc:32
2025/04/06 19:15:788488 INFO  func =>fd6events=3index=-1 - EPollPoller.cc:66
2025/04/06 19:15:788555 INFO  EventLoop start looping - EventLoop.cc:82
2025/04/06 19:15:788564 INFO  fd total count:2 - EPollPoller.cc:32
2025/04/06 19:15:788700 DEBUG timeout! - EPollPoller.cc:49
2025/04/06 19:15:788746 INFO  fd total count:2 - EPollPoller.cc:32
2025/04/06 19:15:798364 DEBUG timeout! - EPollPoller.cc:49
2025/04/06 19:15:798376 DEBUG timeout! - EPollPoller.cc:49
2025/04/06 19:15:798387 INFO  fd total count:1 - EPollPoller.cc:32
2025/04/06 19:15:798390 INFO  fd total count:1 - EPollPoller.cc:32
2025/04/06 19:15:798366 DEBUG timeout! - EPollPoller.cc:49
2025/04/06 19:15:798399 INFO  fd total count:1 - EPollPoller.cc:32
2025/04/06 19:15:799119 DEBUG timeout! - EPollPoller.cc:49
2025/04/06 19:15:799155 INFO  fd total count:2 - EPollPoller.cc:32
2025/04/06 19:15:799585 DEBUG timeout! - EPollPoller.cc:49
2025/04/06 19:15:799597 INFO  fd total count:1 - EPollPoller.cc:32
2025/04/06 19:15:803596 DEBUG timeout! - EPollPoller.cc:49
2025/04/06 19:15:803608 DEBUG timeout! - EPollPoller.cc:49
2025/04/06 19:15:803609 INFO  fd total count:1 - EPollPoller.cc:32
2025/04/06 19:15:803625 INFO  fd total count:1 - EPollPoller.cc:32
2025/04/06 19:15:808277 DEBUG timeout! - EPollPoller.cc:49
2025/04/06 19:15:808311 INFO  fd total count:1 - EPollPoller.cc:32
2025/04/06 19:15:808853 DEBUG timeout! - EPollPoller.cc:49
2025/04/06 19:15:808867 INFO  fd total count:2 - EPollPoller.cc:32
2025/04/06 19:15:808879 DEBUG timeout! - EPollPoller.cc:49
2025/04/06 19:15:808890 INFO  fd total count:1 - EPollPoller.cc:32
2025/04/06 19:15:814158 DEBUG timeout! - EPollPoller.cc:49
2025/04/06 19:15:814171 INFO  fd total count:1 - EPollPoller.cc:32
2025/04/06 19:15:818622 DEBUG timeout! - EPollPoller.cc:49
2025/04/06 19:15:818627 DEBUG timeout! - EPollPoller.cc:49
2025/04/06 19:15:818668 INFO  fd total count:1 - EPollPoller.cc:32
2025/04/06 19:15:818673 INFO  fd total count:1 - EPollPoller.cc:32
2025/04/06 19:15:819103 DEBUG timeout! - EPollPoller.cc:49
2025/04/06 19:15:819115 INFO  fd total count:2 - EPollPoller.cc:32
2025/04/06 19:15:824696 DEBUG timeout! - EPollPoller.cc:49
2025/04/06 19:15:824710 INFO  fd total count:1 - EPollPoller.cc:32
2025/04/06 19:16:819124 DEBUG timeout! - EPollPoller.cc:49
2025/04/06 19:16:819157 INFO  fd total count:1 - EPollPoller.cc:32
2025/04/06 19:16:821060 DEBUG timeout! - EPollPoller.cc:49
2025/04/06 19:16:821215 INFO  fd total count:1 - EPollPoller.cc:32
2025/04/06 19:16:829543 DEBUG timeout! - EPollPoller.cc:49
2025/04/06 19:16:829573 DEBUG timeout! - EPollPoller.cc:49
2025/04/06 19:16:829601 INFO  fd total count:1 - EPollPoller.cc:32
2025/04/06 19:16:829580 INFO  fd total count:2 - EPollPoller.cc:32
