2025/04/03 22:05:370632 DEBUG timeout! - EPollPoller.cc:49
2025/04/03 22:05:370676 INFO  fd total count:1 - EPollPoller.cc:32
2025/04/03 22:05:370642 DEBUG timeout! - EPollPoller.cc:49
2025/04/03 22:05:370739 INFO  fd total count:1 - EPollPoller.cc:32
2025/04/03 22:05:377720 DEBUG timeout! - EPollPoller.cc:49
2025/04/03 22:05:377742 INFO  fd total count:1 - EPollPoller.cc:32
2025/04/03 22:05:743654 DEBUG timeout! - EPollPoller.cc:49
2025/04/03 22:05:743721 INFO  fd total count:2 - EPollPoller.cc:32
2025/04/03 22:05:370885 DEBUG timeout! - EPollPoller.cc:49
2025/04/03 22:05:370919 INFO  fd total count:1 - EPollPoller.cc:32
2025/04/03 22:05:374850 DEBUG timeout! - EPollPoller.cc:49
2025/04/03 22:05:374872 INFO  fd total count:1 - EPollPoller.cc:32
2025/04/03 22:05:385368 DEBUG timeout! - EPollPoller.cc:49
2025/04/03 22:05:385394 INFO  fd total count:1 - EPollPoller.cc:32
2025/04/03 22:05:748586 DEBUG timeout! - EPollPoller.cc:49
2025/04/03 22:05:748625 INFO  fd total count:2 - EPollPoller.cc:32
2025/04/03 22:05:375271 DEBUG timeout! - EPollPoller.cc:49
2025/04/03 22:05:375311 INFO  fd total count:1 - EPollPoller.cc:32
2025/04/03 22:05:381240 DEBUG timeout! - EPollPoller.cc:49
2025/04/03 22:05:381273 INFO  fd total count:1 - EPollPoller.cc:32
2025/04/03 22:05:395595 DEBUG timeout! - EPollPoller.cc:49
2025/04/03 22:05:395626 INFO  fd total count:1 - EPollPoller.cc:32
2025/04/03 22:05:750615 DEBUG timeout! - EPollPoller.cc:49
2025/04/03 22:05:750655 INFO  fd total count:2 - EPollPoller.cc:32
2025/04/03 22:06:305008 INFO  events happend1 - EPollPoller.cc:40
2025/04/03 22:06:305035 INFO  channel handleEvent revents:1 - Channel.cc:73
2025/04/03 22:06:305097 ERROR EventLoopThreadPool::getNextLoop ERROR - EventLoopThreadPool.cc:43
2025/04/03 22:06:305107 INFO  TcpServer::newConnection [EchoServer]- new connection [EchoServer-127.0.0.1:8080#9002]from %s127.0.0.1:35040 - TcpServer.cc:75
2025/04/03 22:06:305120 INFO  TcpConnection::ctor:[EchoServer-127.0.0.1:8080#9002]at fd=5 - TcpConnection.cc:52
2025/04/03 22:06:305138 INFO  func =>fd5events=3index=-1 - EPollPoller.cc:66
2025/04/03 22:06:305150 INFO  Connection UP :127.0.0.1:35040 - main.cc:40
2025/04/03 22:06:305158 INFO  fd total count:3 - EPollPoller.cc:32
2025/04/03 22:06:305162 INFO  events happend1 - EPollPoller.cc:40
2025/04/03 22:06:305165 INFO  channel handleEvent revents:1 - Channel.cc:73
2025/04/03 22:06:305174 ERROR EventLoopThreadPool::getNextLoop ERROR - EventLoopThreadPool.cc:43
2025/04/03 22:06:305177 INFO  TcpServer::newConnection [EchoServer]- new connection [EchoServer-127.0.0.1:8080#9003]from %s127.0.0.1:35054 - TcpServer.cc:75
2025/04/03 22:06:305185 INFO  TcpConnection::ctor:[EchoServer-127.0.0.1:8080#9003]at fd=14 - TcpConnection.cc:52
2025/04/03 22:06:305209 INFO  func =>fd14events=3index=-1 - EPollPoller.cc:66
2025/04/03 22:06:305219 INFO  Connection UP :127.0.0.1:35054 - main.cc:40
2025/04/03 22:06:305225 INFO  fd total count:4 - EPollPoller.cc:32
2025/04/03 22:06:305997 INFO  events happend1 - EPollPoller.cc:40
2025/04/03 22:06:306013 INFO  channel handleEvent revents:1 - Channel.cc:73
2025/04/03 22:06:306119 INFO  fd total count:4 - EPollPoller.cc:32
2025/04/03 22:06:195020 INFO  events happend1 - EPollPoller.cc:40
2025/04/03 22:06:195068 INFO  channel handleEvent revents:1 - Channel.cc:73
2025/04/03 22:06:195177 INFO  fd total count:4 - EPollPoller.cc:32
2025/04/03 22:06:383748 DEBUG timeout! - EPollPoller.cc:49
2025/04/03 22:06:383793 INFO  fd total count:1 - EPollPoller.cc:32
2025/04/03 22:06:391249 DEBUG timeout! - EPollPoller.cc:49
2025/04/03 22:06:391287 INFO  fd total count:1 - EPollPoller.cc:32
2025/04/03 22:06:398253 DEBUG timeout! - EPollPoller.cc:49
2025/04/03 22:06:398283 INFO  fd total count:1 - EPollPoller.cc:32
2025/04/03 22:06:205341 DEBUG timeout! - EPollPoller.cc:49
2025/04/03 22:06:205376 INFO  fd total count:4 - EPollPoller.cc:32
2025/04/03 22:06:384246 DEBUG timeout! - EPollPoller.cc:49
2025/04/03 22:06:384283 INFO  fd total count:1 - EPollPoller.cc:32
2025/04/03 22:06:391801 DEBUG timeout! - EPollPoller.cc:49
2025/04/03 22:06:391823 INFO  fd total count:1 - EPollPoller.cc:32
2025/04/03 22:06:402850 DEBUG timeout! - EPollPoller.cc:49
2025/04/03 22:06:402881 INFO  fd total count:1 - EPollPoller.cc:32
2025/04/03 22:06:215423 DEBUG timeout! - EPollPoller.cc:49
2025/04/03 22:06:215461 INFO  fd total count:4 - EPollPoller.cc:32
2025/04/03 22:06:388780 DEBUG timeout! - EPollPoller.cc:49
2025/04/03 22:06:388823 INFO  fd total count:1 - EPollPoller.cc:32
2025/04/03 22:06:401660 DEBUG timeout! - EPollPoller.cc:49
2025/04/03 22:06:401848 INFO  fd total count:1 - EPollPoller.cc:32
2025/04/03 22:06:413097 DEBUG timeout! - EPollPoller.cc:49
2025/04/03 22:06:413134 INFO  fd total count:1 - EPollPoller.cc:32
2025/04/03 22:06:216450 DEBUG timeout! - EPollPoller.cc:49
2025/04/03 22:06:216488 INFO  fd total count:4 - EPollPoller.cc:32
2025/04/03 22:06:389966 DEBUG timeout! - EPollPoller.cc:49
2025/04/03 22:06:390003 INFO  fd total count:1 - EPollPoller.cc:32
2025/04/03 22:06:402486 DEBUG timeout! - EPollPoller.cc:49
2025/04/03 22:06:402512 INFO  fd total count:1 - EPollPoller.cc:32
2025/04/03 22:06:423272 DEBUG timeout! - EPollPoller.cc:49
2025/04/03 22:06:423307 INFO  fd total count:1 - EPollPoller.cc:32
2025/04/03 22:06:216605 DEBUG timeout! - EPollPoller.cc:49
2025/04/03 22:06:216649 INFO  fd total count:4 - EPollPoller.cc:32
2025/04/03 22:06:400479 DEBUG timeout! - EPollPoller.cc:49
2025/04/03 22:06:400517 INFO  fd total count:1 - EPollPoller.cc:32
2025/04/03 22:06:403000 DEBUG timeout! - EPollPoller.cc:49
2025/04/03 22:06:403013 INFO  fd total count:1 - EPollPoller.cc:32
2025/04/03 22:06:433732 DEBUG timeout! - EPollPoller.cc:49
2025/04/03 22:06:433769 INFO  fd total count:1 - EPollPoller.cc:32
2025/04/03 22:06:226979 DEBUG timeout! - EPollPoller.cc:49
2025/04/03 22:06:227019 INFO  fd total count:4 - EPollPoller.cc:32
2025/04/03 22:06:401412 DEBUG timeout! - EPollPoller.cc:49
2025/04/03 22:06:401448 INFO  fd total count:1 - EPollPoller.cc:32
2025/04/03 22:06:404431 DEBUG timeout! - EPollPoller.cc:49
2025/04/03 22:06:404444 INFO  fd total count:1 - EPollPoller.cc:32
2025/04/03 22:06:433991 DEBUG timeout! - EPollPoller.cc:49
2025/04/03 22:06:434028 INFO  fd total count:1 - EPollPoller.cc:32
2025/04/03 22:07:237020 DEBUG timeout! - EPollPoller.cc:49
2025/04/03 22:07:237058 INFO  fd total count:4 - EPollPoller.cc:32
2025/04/03 22:07:404770 DEBUG timeout! - EPollPoller.cc:49
2025/04/03 22:07:404770 DEBUG timeout! - EPollPoller.cc:49
2025/04/03 22:07:404813 INFO  fd total count:1 - EPollPoller.cc:32
2025/04/03 22:07:404834 INFO  fd total count:1 - EPollPoller.cc:32
2025/04/03 22:07:441322 DEBUG timeout! - EPollPoller.cc:49
2025/04/03 22:07:441372 INFO  fd total count:1 - EPollPoller.cc:32
2025/04/03 22:07:247273 DEBUG timeout! - EPollPoller.cc:49
2025/04/03 22:07:247311 INFO  fd total count:4 - EPollPoller.cc:32
2025/04/03 22:07:409895 DEBUG timeout! - EPollPoller.cc:49
2025/04/03 22:07:409932 INFO  fd total count:1 - EPollPoller.cc:32
2025/04/03 22:07:415376 DEBUG timeout! - EPollPoller.cc:49
2025/04/03 22:07:415391 INFO  fd total count:1 - EPollPoller.cc:32
2025/04/03 22:07:451597 DEBUG timeout! - EPollPoller.cc:49
2025/04/03 22:07:451635 INFO  fd total count:1 - EPollPoller.cc:32
2025/04/03 22:07:253778 DEBUG timeout! - EPollPoller.cc:49
2025/04/03 22:07:253817 INFO  fd total count:4 - EPollPoller.cc:32
2025/04/03 22:07:413810 DEBUG timeout! - EPollPoller.cc:49
2025/04/03 22:07:413840 INFO  fd total count:1 - EPollPoller.cc:32
2025/04/03 22:07:425641 DEBUG timeout! - EPollPoller.cc:49
2025/04/03 22:07:425676 INFO  fd total count:1 - EPollPoller.cc:32
2025/04/03 22:07:453236 DEBUG timeout! - EPollPoller.cc:49
2025/04/03 22:07:453272 INFO  fd total count:1 - EPollPoller.cc:32
2025/04/03 22:07:257100 DEBUG timeout! - EPollPoller.cc:49
2025/04/03 22:07:257130 INFO  fd total count:4 - EPollPoller.cc:32
2025/04/03 22:07:416253 DEBUG timeout! - EPollPoller.cc:49
2025/04/03 22:07:416290 INFO  fd total count:1 - EPollPoller.cc:32
2025/04/03 22:07:435772 DEBUG timeout! - EPollPoller.cc:49
2025/04/03 22:07:435812 INFO  fd total count:1 - EPollPoller.cc:32
2025/04/03 22:07:463823 DEBUG timeout! - EPollPoller.cc:49
2025/04/03 22:07:463852 INFO  fd total count:1 - EPollPoller.cc:32
2025/04/03 22:07:267362 DEBUG timeout! - EPollPoller.cc:49
2025/04/03 22:07:267513 INFO  fd total count:4 - EPollPoller.cc:32
2025/04/03 22:07:426622 DEBUG timeout! - EPollPoller.cc:49
2025/04/03 22:07:426660 INFO  fd total count:1 - EPollPoller.cc:32
2025/04/03 22:07:446157 DEBUG timeout! - EPollPoller.cc:49
2025/04/03 22:07:446195 INFO  fd total count:1 - EPollPoller.cc:32
2025/04/03 22:07:468636 DEBUG timeout! - EPollPoller.cc:49
2025/04/03 22:07:468727 INFO  fd total count:1 - EPollPoller.cc:32
2025/04/03 22:07:275767 DEBUG timeout! - EPollPoller.cc:49
2025/04/03 22:07:275803 INFO  fd total count:4 - EPollPoller.cc:32
2025/04/03 22:07:426808 DEBUG timeout! - EPollPoller.cc:49
2025/04/03 22:07:426860 INFO  fd total count:1 - EPollPoller.cc:32
2025/04/03 22:07:452707 DEBUG timeout! - EPollPoller.cc:49
2025/04/03 22:07:452744 INFO  fd total count:1 - EPollPoller.cc:32
2025/04/03 22:07:478775 DEBUG timeout! - EPollPoller.cc:49
2025/04/03 22:07:478802 INFO  fd total count:1 - EPollPoller.cc:32
2025/04/03 22:08:286111 DEBUG timeout! - EPollPoller.cc:49
2025/04/03 22:08:286149 INFO  fd total count:4 - EPollPoller.cc:32
2025/04/03 22:08:437198 DEBUG timeout! - EPollPoller.cc:49
2025/04/03 22:08:437237 INFO  fd total count:1 - EPollPoller.cc:32
2025/04/03 22:08:463044 DEBUG timeout! - EPollPoller.cc:49
2025/04/03 22:08:463091 INFO  fd total count:1 - EPollPoller.cc:32
2025/04/03 22:08:483078 DEBUG timeout! - EPollPoller.cc:49
2025/04/03 22:08:483117 INFO  fd total count:1 - EPollPoller.cc:32
2025/04/03 22:08:295770 DEBUG timeout! - EPollPoller.cc:49
2025/04/03 22:08:296187 INFO  fd total count:4 - EPollPoller.cc:32
2025/04/03 22:08:447655 DEBUG timeout! - EPollPoller.cc:49
2025/04/03 22:08:447693 INFO  fd total count:1 - EPollPoller.cc:32
2025/04/03 22:08:471552 DEBUG timeout! - EPollPoller.cc:49
2025/04/03 22:08:471602 INFO  fd total count:1 - EPollPoller.cc:32
2025/04/03 22:08:492487 DEBUG timeout! - EPollPoller.cc:49
2025/04/03 22:08:492524 INFO  fd total count:1 - EPollPoller.cc:32
2025/04/03 22:08:305836 DEBUG timeout! - EPollPoller.cc:49
2025/04/03 22:08:305884 INFO  fd total count:4 - EPollPoller.cc:32
2025/04/03 22:08:457563 DEBUG timeout! - EPollPoller.cc:49
2025/04/03 22:08:457600 INFO  fd total count:1 - EPollPoller.cc:32
2025/04/03 22:08:477433 DEBUG timeout! - EPollPoller.cc:49
2025/04/03 22:08:477470 INFO  fd total count:1 - EPollPoller.cc:32
2025/04/03 22:08:498467 DEBUG timeout! - EPollPoller.cc:49
2025/04/03 22:08:498492 INFO  fd total count:1 - EPollPoller.cc:32
2025/04/03 22:08:315964 DEBUG timeout! - EPollPoller.cc:49
2025/04/03 22:08:316013 INFO  fd total count:4 - EPollPoller.cc:32
2025/04/03 22:08:459335 DEBUG timeout! - EPollPoller.cc:49
2025/04/03 22:08:459373 INFO  fd total count:1 - EPollPoller.cc:32
2025/04/03 22:08:484244 DEBUG timeout! - EPollPoller.cc:49
2025/04/03 22:08:484282 INFO  fd total count:1 - EPollPoller.cc:32
2025/04/03 22:08:508770 DEBUG timeout! - EPollPoller.cc:49
2025/04/03 22:08:508812 INFO  fd total count:1 - EPollPoller.cc:32
2025/04/03 22:08:316851 DEBUG timeout! - EPollPoller.cc:49
2025/04/03 22:08:316888 INFO  fd total count:4 - EPollPoller.cc:32
2025/04/03 22:08:467015 DEBUG timeout! - EPollPoller.cc:49
2025/04/03 22:08:467052 INFO  fd total count:1 - EPollPoller.cc:32
2025/04/03 22:08:494456 DEBUG timeout! - EPollPoller.cc:49
2025/04/03 22:08:494496 INFO  fd total count:1 - EPollPoller.cc:32
2025/04/03 22:08:509058 DEBUG timeout! - EPollPoller.cc:49
2025/04/03 22:08:509096 INFO  fd total count:1 - EPollPoller.cc:32
2025/04/03 22:08:325802 DEBUG timeout! - EPollPoller.cc:49
2025/04/03 22:08:325839 INFO  fd total count:4 - EPollPoller.cc:32
2025/04/03 22:08:468784 DEBUG timeout! - EPollPoller.cc:49
2025/04/03 22:08:468830 INFO  fd total count:1 - EPollPoller.cc:32
2025/04/03 22:08:503438 DEBUG timeout! - EPollPoller.cc:49
2025/04/03 22:08:503477 INFO  fd total count:1 - EPollPoller.cc:32
2025/04/03 22:08:512147 DEBUG timeout! - EPollPoller.cc:49
2025/04/03 22:08:512175 INFO  fd total count:1 - EPollPoller.cc:32
2025/04/03 22:09:336252 DEBUG timeout! - EPollPoller.cc:49
2025/04/03 22:09:336293 INFO  fd total count:4 - EPollPoller.cc:32
2025/04/03 22:09:479159 DEBUG timeout! - EPollPoller.cc:49
2025/04/03 22:09:479196 INFO  fd total count:1 - EPollPoller.cc:32
2025/04/03 22:09:513565 DEBUG timeout! - EPollPoller.cc:49
2025/04/03 22:09:513601 INFO  fd total count:1 - EPollPoller.cc:32
2025/04/03 22:09:517533 DEBUG timeout! - EPollPoller.cc:49
2025/04/03 22:09:517551 INFO  fd total count:1 - EPollPoller.cc:32
2025/04/03 22:09:346699 DEBUG timeout! - EPollPoller.cc:49
2025/04/03 22:09:346737 INFO  fd total count:4 - EPollPoller.cc:32
2025/04/03 22:09:489343 DEBUG timeout! - EPollPoller.cc:49
2025/04/03 22:09:489382 INFO  fd total count:1 - EPollPoller.cc:32
2025/04/03 22:09:524112 DEBUG timeout! - EPollPoller.cc:49
2025/04/03 22:09:524149 INFO  fd total count:1 - EPollPoller.cc:32
2025/04/03 22:09:527630 DEBUG timeout! - EPollPoller.cc:49
2025/04/03 22:09:527645 INFO  fd total count:1 - EPollPoller.cc:32
2025/04/03 22:09:348110 DEBUG timeout! - EPollPoller.cc:49
2025/04/03 22:09:348160 INFO  fd total count:4 - EPollPoller.cc:32
2025/04/03 22:09:490192 DEBUG timeout! - EPollPoller.cc:49
2025/04/03 22:09:490228 INFO  fd total count:1 - EPollPoller.cc:32
2025/04/03 22:09:528069 DEBUG timeout! - EPollPoller.cc:49
2025/04/03 22:09:528115 INFO  fd total count:1 - EPollPoller.cc:32
2025/04/03 22:09:534483 DEBUG timeout! - EPollPoller.cc:49
2025/04/03 22:09:534520 INFO  fd total count:1 - EPollPoller.cc:32
2025/04/03 22:09:353540 DEBUG timeout! - EPollPoller.cc:49
2025/04/03 22:09:353578 INFO  fd total count:4 - EPollPoller.cc:32
2025/04/03 22:09:490841 DEBUG timeout! - EPollPoller.cc:49
2025/04/03 22:09:490885 INFO  fd total count:1 - EPollPoller.cc:32
2025/04/03 22:09:533372 DEBUG timeout! - EPollPoller.cc:49
2025/04/03 22:09:533409 INFO  fd total count:1 - EPollPoller.cc:32
2025/04/03 22:09:534849 DEBUG timeout! - EPollPoller.cc:49
2025/04/03 22:09:534867 INFO  fd total count:1 - EPollPoller.cc:32
2025/04/03 22:09:361859 DEBUG timeout! - EPollPoller.cc:49
2025/04/03 22:09:361944 INFO  fd total count:4 - EPollPoller.cc:32
