2025/04/06 15:19:249055 DEBUG EventLoop createdtruein thread186938 - EventLoop.cc:53
2025/04/06 15:19:249120 INFO  func =>fd4events=3index=-1 - EPollPoller.cc:66
2025/04/06 15:19:249550 DEBUG EventLoop createdtruein thread186940 - EventLoop.cc:53
2025/04/06 15:19:249563 INFO  func =>fd8events=3index=-1 - EPollPoller.cc:66
2025/04/06 15:19:249591 INFO  EventLoop start looping - EventLoop.cc:82
2025/04/06 15:19:249599 INFO  fd total count:1 - EPollPoller.cc:32
2025/04/06 15:19:249909 DEBUG EventLoop createdtruein thread186941 - EventLoop.cc:53
2025/04/06 15:19:249921 INFO  func =>fd10events=3index=-1 - EPollPoller.cc:66
2025/04/06 15:19:249944 INFO  EventLoop start looping - EventLoop.cc:82
2025/04/06 15:19:249950 INFO  fd total count:1 - EPollPoller.cc:32
2025/04/06 15:19:250146 DEBUG EventLoop createdtruein thread186942 - EventLoop.cc:53
2025/04/06 15:19:250158 INFO  func =>fd12events=3index=-1 - EPollPoller.cc:66
2025/04/06 15:19:250171 INFO  EventLoop start looping - EventLoop.cc:82
2025/04/06 15:19:250174 INFO  fd total count:1 - EPollPoller.cc:32
2025/04/06 15:19:250335 DEBUG EventLoop createdtruein thread186943 - EventLoop.cc:53
2025/04/06 15:19:250347 INFO  func =>fd14events=3index=-1 - EPollPoller.cc:66
2025/04/06 15:19:250370 INFO  EventLoop start looping - EventLoop.cc:82
2025/04/06 15:19:250376 INFO  fd total count:1 - EPollPoller.cc:32
2025/04/06 15:19:250555 DEBUG EventLoop createdtruein thread186944 - EventLoop.cc:53
2025/04/06 15:19:250567 INFO  func =>fd16events=3index=-1 - EPollPoller.cc:66
2025/04/06 15:19:250581 INFO  EventLoop start looping - EventLoop.cc:82
2025/04/06 15:19:250584 INFO  fd total count:1 - EPollPoller.cc:32
2025/04/06 15:19:250735 DEBUG EventLoop createdtruein thread186945 - EventLoop.cc:53
2025/04/06 15:19:250747 INFO  func =>fd18events=3index=-1 - EPollPoller.cc:66
2025/04/06 15:19:250770 INFO  EventLoop start looping - EventLoop.cc:82
2025/04/06 15:19:250776 INFO  fd total count:1 - EPollPoller.cc:32
2025/04/06 15:19:250823 INFO  func =>fd6events=3index=-1 - EPollPoller.cc:66
2025/04/06 15:19:250880 INFO  EventLoop start looping - EventLoop.cc:82
2025/04/06 15:19:250890 INFO  fd total count:2 - EPollPoller.cc:32
2025/04/06 15:19:587133 INFO  events happend1 - EPollPoller.cc:40
2025/04/06 15:19:587194 INFO  channel handleEvent revents:1 - Channel.cc:73
2025/04/06 15:19:587329 ERROR EventLoopThreadPool::getNextLoop ERROR - EventLoopThreadPool.cc:43
2025/04/06 15:19:587346 INFO  TcpServer::newConnection [HttpServer]- new connection [HttpServer-127.0.0.1:8080#1]from %s127.0.0.1:58458 - TcpServer.cc:75
2025/04/06 15:19:587390 INFO  TcpConnection::ctor:[HttpServer-127.0.0.1:8080#1]at fd=21 - TcpConnection.cc:52
2025/04/06 15:19:587472 INFO  func =>fd21events=3index=-1 - EPollPoller.cc:66
2025/04/06 15:19:587487 INFO  HTTP Connection UP :127.0.0.1:58458 - main.cc:116
2025/04/06 15:19:587510 INFO  fd total count:3 - EPollPoller.cc:32
2025/04/06 15:19:587515 INFO  events happend1 - EPollPoller.cc:40
2025/04/06 15:19:587521 INFO  channel handleEvent revents:1 - Channel.cc:73
2025/04/06 15:19:587765 INFO  fd total count:3 - EPollPoller.cc:32
2025/04/06 15:19:588014 INFO  events happend1 - EPollPoller.cc:40
2025/04/06 15:19:588025 INFO  channel handleEvent revents:1 - Channel.cc:73
2025/04/06 15:19:588036 INFO  TcpConnection::handleClose fd=21state=2 - TcpConnection.cc:241
2025/04/06 15:19:588040 INFO  func =>fd21events=0index=1 - EPollPoller.cc:66
2025/04/06 15:19:588047 INFO  HTTP Connection DOWN :127.0.0.1:58458 - main.cc:118
2025/04/06 15:19:588072 INFO  TcpServer::removeConnectionInLoop [HttpServer] - connection %sHttpServer-127.0.0.1:8080#1 - TcpServer.cc:114
2025/04/06 15:19:588126 INFO  removeChannel fd=21 - EPollPoller.cc:102
2025/04/06 15:19:588133 INFO  TcpConnection::dtor[HttpServer-127.0.0.1:8080#1]at fd=21state=0 - TcpConnection.cc:58
2025/04/06 15:19:588178 INFO  fd total count:2 - EPollPoller.cc:32
2025/04/06 15:19:260176 DEBUG timeout! - EPollPoller.cc:49
2025/04/06 15:19:260219 INFO  fd total count:1 - EPollPoller.cc:32
2025/04/06 15:19:260229 DEBUG timeout! - EPollPoller.cc:49
2025/04/06 15:19:260234 INFO  fd total count:1 - EPollPoller.cc:32
2025/04/06 15:19:260243 DEBUG timeout! - EPollPoller.cc:49
2025/04/06 15:19:260249 INFO  fd total count:1 - EPollPoller.cc:32
2025/04/06 15:19:260255 DEBUG timeout! - EPollPoller.cc:49
2025/04/06 15:19:260259 INFO  fd total count:1 - EPollPoller.cc:32
2025/04/06 15:19:260265 DEBUG timeout! - EPollPoller.cc:49
2025/04/06 15:19:260269 INFO  fd total count:1 - EPollPoller.cc:32
2025/04/06 15:19:260285 DEBUG timeout! - EPollPoller.cc:49
2025/04/06 15:19:260301 INFO  fd total count:1 - EPollPoller.cc:32
2025/04/06 15:19:598739 DEBUG timeout! - EPollPoller.cc:49
2025/04/06 15:19:598796 INFO  fd total count:2 - EPollPoller.cc:32
2025/04/06 15:19:270005 DEBUG timeout! - EPollPoller.cc:49
2025/04/06 15:19:270057 DEBUG timeout! - EPollPoller.cc:49
2025/04/06 15:19:270111 INFO  fd total count:1 - EPollPoller.cc:32
2025/04/06 15:19:270036 DEBUG timeout! - EPollPoller.cc:49
2025/04/06 15:19:270115 INFO  fd total count:1 - EPollPoller.cc:32
2025/04/06 15:19:270006 DEBUG timeout! - EPollPoller.cc:49
2025/04/06 15:19:270138 INFO  fd total count:1 - EPollPoller.cc:32
2025/04/06 15:19:270130 DEBUG timeout! - EPollPoller.cc:49
2025/04/06 15:19:270122 DEBUG timeout! - EPollPoller.cc:49
2025/04/06 15:19:270147 INFO  fd total count:1 - EPollPoller.cc:32
2025/04/06 15:19:270154 INFO  fd total count:1 - EPollPoller.cc:32
2025/04/06 15:19:270124 INFO  fd total count:1 - EPollPoller.cc:32
2025/04/06 15:19:602245 DEBUG timeout! - EPollPoller.cc:49
2025/04/06 15:19:602347 INFO  fd total count:2 - EPollPoller.cc:32
2025/04/06 15:19:274959 DEBUG timeout! - EPollPoller.cc:49
2025/04/06 15:19:275138 INFO  fd total count:1 - EPollPoller.cc:32
2025/04/06 15:19:274982 DEBUG timeout! - EPollPoller.cc:49
2025/04/06 15:19:275173 INFO  fd total count:1 - EPollPoller.cc:32
2025/04/06 15:19:280410 DEBUG timeout! - EPollPoller.cc:49
2025/04/06 15:19:280526 INFO  fd total count:1 - EPollPoller.cc:32
2025/04/06 15:19:280410 DEBUG timeout! - EPollPoller.cc:49
2025/04/06 15:19:280540 INFO  fd total count:1 - EPollPoller.cc:32
2025/04/06 15:19:280410 DEBUG timeout! - EPollPoller.cc:49
2025/04/06 15:19:280599 INFO  fd total count:1 - EPollPoller.cc:32
2025/04/06 15:19:280428 DEBUG timeout! - EPollPoller.cc:49
2025/04/06 15:19:280643 INFO  fd total count:1 - EPollPoller.cc:32
2025/04/06 15:19:612368 DEBUG timeout! - EPollPoller.cc:49
2025/04/06 15:19:612436 INFO  fd total count:2 - EPollPoller.cc:32
2025/04/06 15:19:281435 DEBUG timeout! - EPollPoller.cc:49
2025/04/06 15:19:281503 INFO  fd total count:1 - EPollPoller.cc:32
2025/04/06 15:19:283746 DEBUG timeout! - EPollPoller.cc:49
2025/04/06 15:19:283795 INFO  fd total count:1 - EPollPoller.cc:32
2025/04/06 15:19:285650 DEBUG timeout! - EPollPoller.cc:49
2025/04/06 15:19:285710 INFO  fd total count:1 - EPollPoller.cc:32
2025/04/06 15:19:285721 DEBUG timeout! - EPollPoller.cc:49
2025/04/06 15:19:285759 INFO  fd total count:1 - EPollPoller.cc:32
2025/04/06 15:19:285724 DEBUG timeout! - EPollPoller.cc:49
2025/04/06 15:19:285784 INFO  fd total count:1 - EPollPoller.cc:32
2025/04/06 15:19:290669 DEBUG timeout! - EPollPoller.cc:49
2025/04/06 15:19:290710 INFO  fd total count:1 - EPollPoller.cc:32
2025/04/06 15:19:613301 DEBUG timeout! - EPollPoller.cc:49
2025/04/06 15:19:613350 INFO  fd total count:2 - EPollPoller.cc:32
2025/04/06 15:19:281767 DEBUG timeout! - EPollPoller.cc:49
2025/04/06 15:19:281823 INFO  fd total count:1 - EPollPoller.cc:32
2025/04/06 15:19:285282 DEBUG timeout! - EPollPoller.cc:49
2025/04/06 15:19:285321 INFO  fd total count:1 - EPollPoller.cc:32
2025/04/06 15:19:292281 DEBUG timeout! - EPollPoller.cc:49
2025/04/06 15:19:292325 INFO  fd total count:1 - EPollPoller.cc:32
2025/04/06 15:19:292351 DEBUG timeout! - EPollPoller.cc:49
2025/04/06 15:19:292367 INFO  fd total count:1 - EPollPoller.cc:32
2025/04/06 15:19:296319 DEBUG timeout! - EPollPoller.cc:49
2025/04/06 15:19:296384 INFO  fd total count:1 - EPollPoller.cc:32
2025/04/06 15:19:300974 DEBUG timeout! - EPollPoller.cc:49
2025/04/06 15:19:301014 INFO  fd total count:1 - EPollPoller.cc:32
2025/04/06 15:20:623513 DEBUG timeout! - EPollPoller.cc:49
2025/04/06 15:20:623565 INFO  fd total count:2 - EPollPoller.cc:32
2025/04/06 15:20:283307 DEBUG timeout! - EPollPoller.cc:49
2025/04/06 15:20:283347 INFO  fd total count:1 - EPollPoller.cc:32
2025/04/06 15:20:292885 DEBUG timeout! - EPollPoller.cc:49
2025/04/06 15:20:293025 INFO  fd total count:1 - EPollPoller.cc:32
2025/04/06 15:20:295644 DEBUG timeout! - EPollPoller.cc:49
2025/04/06 15:20:295699 INFO  fd total count:1 - EPollPoller.cc:32
2025/04/06 15:20:297308 DEBUG timeout! - EPollPoller.cc:49
2025/04/06 15:20:297353 INFO  fd total count:1 - EPollPoller.cc:32
2025/04/06 15:20:302787 DEBUG timeout! - EPollPoller.cc:49
2025/04/06 15:20:302826 INFO  fd total count:1 - EPollPoller.cc:32
2025/04/06 15:20:309009 DEBUG timeout! - EPollPoller.cc:49
2025/04/06 15:20:309126 INFO  fd total count:1 - EPollPoller.cc:32
2025/04/06 15:20:634020 DEBUG timeout! - EPollPoller.cc:49
2025/04/06 15:20:634156 INFO  fd total count:2 - EPollPoller.cc:32
2025/04/06 15:20:290632 DEBUG timeout! - EPollPoller.cc:49
2025/04/06 15:20:290671 INFO  fd total count:1 - EPollPoller.cc:32
2025/04/06 15:20:301103 DEBUG timeout! - EPollPoller.cc:49
2025/04/06 15:20:301112 DEBUG timeout! - EPollPoller.cc:49
2025/04/06 15:20:301161 INFO  fd total count:1 - EPollPoller.cc:32
2025/04/06 15:20:301172 INFO  fd total count:1 - EPollPoller.cc:32
2025/04/06 15:20:305989 DEBUG timeout! - EPollPoller.cc:49
2025/04/06 15:20:306040 INFO  fd total count:1 - EPollPoller.cc:32
2025/04/06 15:20:311498 DEBUG timeout! - EPollPoller.cc:49
2025/04/06 15:20:311538 INFO  fd total count:1 - EPollPoller.cc:32
2025/04/06 15:20:319722 DEBUG timeout! - EPollPoller.cc:49
2025/04/06 15:20:319833 INFO  fd total count:1 - EPollPoller.cc:32
2025/04/06 15:20:644231 DEBUG timeout! - EPollPoller.cc:49
2025/04/06 15:20:644279 INFO  fd total count:2 - EPollPoller.cc:32
2025/04/06 15:20:300679 DEBUG timeout! - EPollPoller.cc:49
2025/04/06 15:20:300755 INFO  fd total count:1 - EPollPoller.cc:32
2025/04/06 15:20:307506 DEBUG timeout! - EPollPoller.cc:49
2025/04/06 15:20:307606 INFO  fd total count:1 - EPollPoller.cc:32
2025/04/06 15:20:311459 DEBUG timeout! - EPollPoller.cc:49
2025/04/06 15:20:311526 INFO  fd total count:1 - EPollPoller.cc:32
2025/04/06 15:20:315895 DEBUG timeout! - EPollPoller.cc:49
2025/04/06 15:20:315964 INFO  fd total count:1 - EPollPoller.cc:32
2025/04/06 15:20:317952 DEBUG timeout! - EPollPoller.cc:49
2025/04/06 15:20:318066 INFO  fd total count:1 - EPollPoller.cc:32
2025/04/06 15:20:321488 DEBUG timeout! - EPollPoller.cc:49
2025/04/06 15:20:321597 INFO  fd total count:1 - EPollPoller.cc:32
2025/04/06 15:20:647359 DEBUG timeout! - EPollPoller.cc:49
2025/04/06 15:20:647420 INFO  fd total count:2 - EPollPoller.cc:32
2025/04/06 15:20:311238 DEBUG timeout! - EPollPoller.cc:49
2025/04/06 15:20:311305 INFO  fd total count:1 - EPollPoller.cc:32
2025/04/06 15:20:311293 DEBUG timeout! - EPollPoller.cc:49
2025/04/06 15:20:311313 INFO  fd total count:1 - EPollPoller.cc:32
2025/04/06 15:20:321662 DEBUG timeout! - EPollPoller.cc:49
2025/04/06 15:20:321702 INFO  fd total count:1 - EPollPoller.cc:32
2025/04/06 15:20:325075 DEBUG timeout! - EPollPoller.cc:49
2025/04/06 15:20:325108 DEBUG timeout! - EPollPoller.cc:49
2025/04/06 15:20:325119 INFO  fd total count:1 - EPollPoller.cc:32
2025/04/06 15:20:325123 INFO  fd total count:1 - EPollPoller.cc:32
2025/04/06 15:20:328575 DEBUG timeout! - EPollPoller.cc:49
2025/04/06 15:20:328617 INFO  fd total count:1 - EPollPoller.cc:32
2025/04/06 15:20:657771 DEBUG timeout! - EPollPoller.cc:49
2025/04/06 15:20:657811 INFO  fd total count:2 - EPollPoller.cc:32
2025/04/06 15:20:318204 DEBUG timeout! - EPollPoller.cc:49
2025/04/06 15:20:318296 INFO  fd total count:1 - EPollPoller.cc:32
2025/04/06 15:20:321666 DEBUG timeout! - EPollPoller.cc:49
2025/04/06 15:20:321832 INFO  fd total count:1 - EPollPoller.cc:32
2025/04/06 15:20:325231 DEBUG timeout! - EPollPoller.cc:49
2025/04/06 15:20:325274 INFO  fd total count:1 - EPollPoller.cc:32
2025/04/06 15:20:328690 DEBUG timeout! - EPollPoller.cc:49
2025/04/06 15:20:328728 INFO  fd total count:1 - EPollPoller.cc:32
2025/04/06 15:20:332191 DEBUG timeout! - EPollPoller.cc:49
2025/04/06 15:20:332207 INFO  fd total count:1 - EPollPoller.cc:32
2025/04/06 15:20:335375 DEBUG timeout! - EPollPoller.cc:49
2025/04/06 15:20:335516 INFO  fd total count:1 - EPollPoller.cc:32
2025/04/06 15:20:658525 DEBUG timeout! - EPollPoller.cc:49
2025/04/06 15:20:658566 INFO  fd total count:2 - EPollPoller.cc:32
2025/04/06 15:20:328737 DEBUG timeout! - EPollPoller.cc:49
2025/04/06 15:20:328797 DEBUG timeout! - EPollPoller.cc:49
2025/04/06 15:20:328804 INFO  fd total count:1 - EPollPoller.cc:32
2025/04/06 15:20:328819 INFO  fd total count:1 - EPollPoller.cc:32
2025/04/06 15:20:333782 DEBUG timeout! - EPollPoller.cc:49
2025/04/06 15:20:333876 INFO  fd total count:1 - EPollPoller.cc:32
2025/04/06 15:20:338695 DEBUG timeout! - EPollPoller.cc:49
2025/04/06 15:20:338695 DEBUG timeout! - EPollPoller.cc:49
2025/04/06 15:20:338873 INFO  fd total count:1 - EPollPoller.cc:32
2025/04/06 15:20:338837 INFO  fd total count:1 - EPollPoller.cc:32
2025/04/06 15:20:341208 DEBUG timeout! - EPollPoller.cc:49
2025/04/06 15:20:341252 INFO  fd total count:1 - EPollPoller.cc:32
2025/04/06 15:21:668689 DEBUG timeout! - EPollPoller.cc:49
2025/04/06 15:21:668758 INFO  fd total count:2 - EPollPoller.cc:32
2025/04/06 15:21:338736 DEBUG timeout! - EPollPoller.cc:49
2025/04/06 15:21:338782 INFO  fd total count:1 - EPollPoller.cc:32
2025/04/06 15:21:339216 DEBUG timeout! - EPollPoller.cc:49
2025/04/06 15:21:339233 DEBUG timeout! - EPollPoller.cc:49
2025/04/06 15:21:339246 DEBUG timeout! - EPollPoller.cc:49
2025/04/06 15:21:339278 INFO  fd total count:1 - EPollPoller.cc:32
2025/04/06 15:21:339233 INFO  fd total count:1 - EPollPoller.cc:32
2025/04/06 15:21:339259 INFO  fd total count:1 - EPollPoller.cc:32
2025/04/06 15:21:342222 DEBUG timeout! - EPollPoller.cc:49
2025/04/06 15:21:342284 INFO  fd total count:1 - EPollPoller.cc:32
2025/04/06 15:21:345755 DEBUG timeout! - EPollPoller.cc:49
2025/04/06 15:21:345815 INFO  fd total count:1 - EPollPoller.cc:32
2025/04/06 15:21:677714 DEBUG timeout! - EPollPoller.cc:49
2025/04/06 15:21:677761 INFO  fd total count:2 - EPollPoller.cc:32
2025/04/06 15:21:341111 DEBUG timeout! - EPollPoller.cc:49
2025/04/06 15:21:341154 INFO  fd total count:1 - EPollPoller.cc:32
2025/04/06 15:21:344206 DEBUG timeout! - EPollPoller.cc:49
2025/04/06 15:21:344328 INFO  fd total count:1 - EPollPoller.cc:32
2025/04/06 15:21:344215 DEBUG timeout! - EPollPoller.cc:49
2025/04/06 15:21:344356 INFO  fd total count:1 - EPollPoller.cc:32
2025/04/06 15:21:349483 DEBUG timeout! - EPollPoller.cc:49
2025/04/06 15:21:349501 DEBUG timeout! - EPollPoller.cc:49
2025/04/06 15:21:349547 INFO  fd total count:1 - EPollPoller.cc:32
2025/04/06 15:21:349552 INFO  fd total count:1 - EPollPoller.cc:32
2025/04/06 15:21:349562 DEBUG timeout! - EPollPoller.cc:49
2025/04/06 15:21:349568 INFO  fd total count:1 - EPollPoller.cc:32
2025/04/06 15:21:686664 DEBUG timeout! - EPollPoller.cc:49
2025/04/06 15:21:686751 INFO  fd total count:2 - EPollPoller.cc:32
2025/04/06 15:21:351323 DEBUG timeout! - EPollPoller.cc:49
2025/04/06 15:21:351371 INFO  fd total count:1 - EPollPoller.cc:32
2025/04/06 15:21:354886 DEBUG timeout! - EPollPoller.cc:49
2025/04/06 15:21:355052 INFO  fd total count:1 - EPollPoller.cc:32
2025/04/06 15:21:354929 DEBUG timeout! - EPollPoller.cc:49
2025/04/06 15:21:354900 DEBUG timeout! - EPollPoller.cc:49
2025/04/06 15:21:355103 INFO  fd total count:1 - EPollPoller.cc:32
2025/04/06 15:21:355108 INFO  fd total count:1 - EPollPoller.cc:32
2025/04/06 15:21:354961 DEBUG timeout! - EPollPoller.cc:49
2025/04/06 15:21:355158 INFO  fd total count:1 - EPollPoller.cc:32
2025/04/06 15:21:359711 DEBUG timeout! - EPollPoller.cc:49
2025/04/06 15:21:359756 INFO  fd total count:1 - EPollPoller.cc:32
2025/04/06 15:21:697292 DEBUG timeout! - EPollPoller.cc:49
2025/04/06 15:21:697346 INFO  fd total count:2 - EPollPoller.cc:32
2025/04/06 15:21:354601 DEBUG timeout! - EPollPoller.cc:49
2025/04/06 15:21:354748 INFO  fd total count:1 - EPollPoller.cc:32
2025/04/06 15:21:355982 DEBUG timeout! - EPollPoller.cc:49
2025/04/06 15:21:356014 INFO  fd total count:1 - EPollPoller.cc:32
2025/04/06 15:21:365498 DEBUG timeout! - EPollPoller.cc:49
2025/04/06 15:21:365509 DEBUG timeout! - EPollPoller.cc:49
2025/04/06 15:21:365548 DEBUG timeout! - EPollPoller.cc:49
2025/04/06 15:21:365546 INFO  fd total count:1 - EPollPoller.cc:32
2025/04/06 15:21:365563 INFO  fd total count:1 - EPollPoller.cc:32
2025/04/06 15:21:365547 INFO  fd total count:1 - EPollPoller.cc:32
2025/04/06 15:21:365514 DEBUG timeout! - EPollPoller.cc:49
2025/04/06 15:21:365595 INFO  fd total count:1 - EPollPoller.cc:32
2025/04/06 15:21:697948 DEBUG timeout! - EPollPoller.cc:49
2025/04/06 15:21:697990 INFO  fd total count:2 - EPollPoller.cc:32
2025/04/06 15:21:361910 DEBUG timeout! - EPollPoller.cc:49
2025/04/06 15:21:361961 INFO  fd total count:1 - EPollPoller.cc:32
2025/04/06 15:21:366454 DEBUG timeout! - EPollPoller.cc:49
2025/04/06 15:21:366501 DEBUG timeout! - EPollPoller.cc:49
2025/04/06 15:21:366488 DEBUG timeout! - EPollPoller.cc:49
2025/04/06 15:21:366506 INFO  fd total count:1 - EPollPoller.cc:32
2025/04/06 15:21:366509 INFO  fd total count:1 - EPollPoller.cc:32
2025/04/06 15:21:366495 INFO  fd total count:1 - EPollPoller.cc:32
2025/04/06 15:21:375411 DEBUG timeout! - EPollPoller.cc:49
2025/04/06 15:21:375515 INFO  fd total count:1 - EPollPoller.cc:32
2025/04/06 15:21:375817 DEBUG timeout! - EPollPoller.cc:49
2025/04/06 15:21:375842 INFO  fd total count:1 - EPollPoller.cc:32
2025/04/06 15:21:708305 DEBUG timeout! - EPollPoller.cc:49
2025/04/06 15:21:708398 INFO  fd total count:2 - EPollPoller.cc:32
2025/04/06 15:21:362382 DEBUG timeout! - EPollPoller.cc:49
2025/04/06 15:21:362459 INFO  fd total count:1 - EPollPoller.cc:32
2025/04/06 15:21:376717 DEBUG timeout! - EPollPoller.cc:49
2025/04/06 15:21:376717 DEBUG timeout! - EPollPoller.cc:49
2025/04/06 15:21:376780 INFO  fd total count:1 - EPollPoller.cc:32
2025/04/06 15:21:376745 DEBUG timeout! - EPollPoller.cc:49
2025/04/06 15:21:376817 INFO  fd total count:1 - EPollPoller.cc:32
2025/04/06 15:21:376780 INFO  fd total count:1 - EPollPoller.cc:32
2025/04/06 15:21:376729 DEBUG timeout! - EPollPoller.cc:49
2025/04/06 15:21:376854 INFO  fd total count:1 - EPollPoller.cc:32
2025/04/06 15:21:379715 DEBUG timeout! - EPollPoller.cc:49
2025/04/06 15:21:379783 INFO  fd total count:1 - EPollPoller.cc:32
2025/04/06 15:22:711748 DEBUG timeout! - EPollPoller.cc:49
2025/04/06 15:22:711794 INFO  fd total count:2 - EPollPoller.cc:32
2025/04/06 15:22:370628 DEBUG timeout! - EPollPoller.cc:49
2025/04/06 15:22:370676 INFO  fd total count:1 - EPollPoller.cc:32
2025/04/06 15:22:380907 DEBUG timeout! - EPollPoller.cc:49
2025/04/06 15:22:381009 INFO  fd total count:1 - EPollPoller.cc:32
2025/04/06 15:22:386952 DEBUG timeout! - EPollPoller.cc:49
2025/04/06 15:22:386955 DEBUG timeout! - EPollPoller.cc:49
2025/04/06 15:22:386963 DEBUG timeout! - EPollPoller.cc:49
2025/04/06 15:22:387035 INFO  fd total count:1 - EPollPoller.cc:32
2025/04/06 15:22:387002 INFO  fd total count:1 - EPollPoller.cc:32
2025/04/06 15:22:386966 DEBUG timeout! - EPollPoller.cc:49
2025/04/06 15:22:387089 INFO  fd total count:1 - EPollPoller.cc:32
2025/04/06 15:22:387015 INFO  fd total count:1 - EPollPoller.cc:32
2025/04/06 15:22:717199 DEBUG timeout! - EPollPoller.cc:49
2025/04/06 15:22:717328 INFO  fd total count:2 - EPollPoller.cc:32
2025/04/06 15:22:381034 DEBUG timeout! - EPollPoller.cc:49
2025/04/06 15:22:381086 INFO  fd total count:1 - EPollPoller.cc:32
2025/04/06 15:22:386035 DEBUG timeout! - EPollPoller.cc:49
2025/04/06 15:22:386162 INFO  fd total count:1 - EPollPoller.cc:32
2025/04/06 15:22:397318 DEBUG timeout! - EPollPoller.cc:49
2025/04/06 15:22:397390 INFO  fd total count:1 - EPollPoller.cc:32
2025/04/06 15:22:397318 DEBUG timeout! - EPollPoller.cc:49
2025/04/06 15:22:397458 INFO  fd total count:1 - EPollPoller.cc:32
2025/04/06 15:22:397325 DEBUG timeout! - EPollPoller.cc:49
2025/04/06 15:22:397511 INFO  fd total count:1 - EPollPoller.cc:32
2025/04/06 15:22:397338 DEBUG timeout! - EPollPoller.cc:49
2025/04/06 15:22:397697 INFO  fd total count:1 - EPollPoller.cc:32
2025/04/06 15:22:719831 DEBUG timeout! - EPollPoller.cc:49
2025/04/06 15:22:719884 INFO  fd total count:2 - EPollPoller.cc:32
