2025/04/06 19:16:482698 DEBUG EventLoop createdtruein thread8073 - EventLoop.cc:53
2025/04/06 19:16:482747 INFO  func =>fd5events=3index=-1 - EPollPoller.cc:66
2025/04/06 19:16:483047 DEBUG EventLoop createdtruein thread8075 - EventLoop.cc:53
2025/04/06 19:16:483060 INFO  func =>fd8events=3index=-1 - EPollPoller.cc:66
2025/04/06 19:16:483102 INFO  EventLoop start looping - EventLoop.cc:82
2025/04/06 19:16:483112 INFO  fd total count:1 - EPollPoller.cc:32
2025/04/06 19:16:483264 DEBUG EventLoop createdtruein thread8076 - EventLoop.cc:53
2025/04/06 19:16:483273 INFO  func =>fd10events=3index=-1 - EPollPoller.cc:66
2025/04/06 19:16:483293 INFO  EventLoop start looping - EventLoop.cc:82
2025/04/06 19:16:483299 INFO  fd total count:1 - EPollPoller.cc:32
2025/04/06 19:16:483426 DEBUG EventLoop createdtruein thread8077 - EventLoop.cc:53
2025/04/06 19:16:483446 INFO  func =>fd12events=3index=-1 - EPollPoller.cc:66
2025/04/06 19:16:483469 INFO  EventLoop start looping - EventLoop.cc:82
2025/04/06 19:16:483474 INFO  fd total count:1 - EPollPoller.cc:32
2025/04/06 19:16:483514 INFO  func =>fd6events=3index=-1 - EPollPoller.cc:66
2025/04/06 19:16:483564 INFO  EventLoop start looping - EventLoop.cc:82
2025/04/06 19:16:483574 INFO  fd total count:2 - EPollPoller.cc:32
2025/04/06 19:16:483890 DEBUG timeout! - EPollPoller.cc:49
2025/04/06 19:16:483956 INFO  fd total count:1 - EPollPoller.cc:32
2025/04/06 19:16:483890 DEBUG timeout! - EPollPoller.cc:49
2025/04/06 19:16:483986 INFO  fd total count:1 - EPollPoller.cc:32
2025/04/06 19:16:483895 DEBUG timeout! - EPollPoller.cc:49
2025/04/06 19:16:484002 INFO  fd total count:1 - EPollPoller.cc:32
2025/04/06 19:16:490372 DEBUG timeout! - EPollPoller.cc:49
2025/04/06 19:16:490393 INFO  fd total count:2 - EPollPoller.cc:32
2025/04/06 19:16:493778 DEBUG timeout! - EPollPoller.cc:49
2025/04/06 19:16:493828 INFO  fd total count:1 - EPollPoller.cc:32
2025/04/06 19:16:493790 DEBUG timeout! - EPollPoller.cc:49
2025/04/06 19:16:493856 INFO  fd total count:1 - EPollPoller.cc:32
2025/04/06 19:16:493797 DEBUG timeout! - EPollPoller.cc:49
2025/04/06 19:16:493875 INFO  fd total count:1 - EPollPoller.cc:32
2025/04/06 19:16:500754 DEBUG timeout! - EPollPoller.cc:49
2025/04/06 19:16:500769 INFO  fd total count:2 - EPollPoller.cc:32
