2025/04/06 10:26:981267 DEBUG EventLoop createdtruein thread175196 - EventLoop.cc:53
2025/04/06 10:26:981363 INFO  func =>fd5events=3index=-1 - EPollPoller.cc:66
2025/04/06 10:26:030737 DEBUG EventLoop createdtruein thread175259 - EventLoop.cc:53
2025/04/06 10:26:030771 INFO  func =>fd8events=3index=-1 - EPollPoller.cc:66
2025/04/06 10:26:036031 INFO  EventLoop start looping - EventLoop.cc:82
2025/04/06 10:26:036087 INFO  fd total count:1 - EPollPoller.cc:32
2025/04/06 10:26:038887 DEBUG EventLoop createdtruein thread175260 - EventLoop.cc:53
2025/04/06 10:26:038924 INFO  func =>fd10events=3index=-1 - EPollPoller.cc:66
2025/04/06 10:26:038946 INFO  EventLoop start looping - EventLoop.cc:82
2025/04/06 10:26:038951 INFO  fd total count:1 - EPollPoller.cc:32
2025/04/06 10:26:039439 DEBUG EventLoop createdtruein thread175261 - EventLoop.cc:53
2025/04/06 10:26:039457 INFO  func =>fd12events=3index=-1 - EPollPoller.cc:66
2025/04/06 10:26:039475 INFO  EventLoop start looping - EventLoop.cc:82
2025/04/06 10:26:039479 INFO  fd total count:1 - EPollPoller.cc:32
2025/04/06 10:26:039605 INFO  func =>fd6events=3index=-1 - EPollPoller.cc:66
2025/04/06 10:26:051458 INFO  EventLoop start looping - EventLoop.cc:82
2025/04/06 10:26:051502 INFO  fd total count:2 - EPollPoller.cc:32
2025/04/06 10:26:046651 DEBUG timeout! - EPollPoller.cc:49
2025/04/06 10:26:046666 DEBUG timeout! - EPollPoller.cc:49
2025/04/06 10:26:046702 INFO  fd total count:1 - EPollPoller.cc:32
2025/04/06 10:26:046702 INFO  fd total count:1 - EPollPoller.cc:32
2025/04/06 10:26:049047 DEBUG timeout! - EPollPoller.cc:49
2025/04/06 10:26:049060 INFO  fd total count:1 - EPollPoller.cc:32
2025/04/06 10:26:061635 DEBUG timeout! - EPollPoller.cc:49
2025/04/06 10:26:061672 INFO  fd total count:2 - EPollPoller.cc:32
2025/04/06 10:26:549537 INFO  events happend1 - EPollPoller.cc:40
2025/04/06 10:26:549596 INFO  channel handleEvent revents:1 - Channel.cc:73
2025/04/06 10:26:549682 ERROR EventLoopThreadPool::getNextLoop ERROR - EventLoopThreadPool.cc:43
2025/04/06 10:26:549695 INFO  TcpServer::newConnection [EchoServer]- new connection [EchoServer-127.0.0.1:8080#1]from %s127.0.0.1:38434 - TcpServer.cc:75
2025/04/06 10:26:549749 INFO  TcpConnection::ctor:[EchoServer-127.0.0.1:8080#1]at fd=13 - TcpConnection.cc:52
2025/04/06 10:26:549871 INFO  func =>fd13events=3index=-1 - EPollPoller.cc:66
2025/04/06 10:26:549893 INFO  Connection UP :127.0.0.1:38434 - main.cc:44
2025/04/06 10:26:549906 INFO  fd total count:3 - EPollPoller.cc:32
2025/04/06 10:26:046968 DEBUG timeout! - EPollPoller.cc:49
2025/04/06 10:26:047004 INFO  fd total count:1 - EPollPoller.cc:32
2025/04/06 10:26:056803 DEBUG timeout! - EPollPoller.cc:49
2025/04/06 10:26:056835 INFO  fd total count:1 - EPollPoller.cc:32
2025/04/06 10:26:058328 DEBUG timeout! - EPollPoller.cc:49
2025/04/06 10:26:058340 INFO  fd total count:1 - EPollPoller.cc:32
2025/04/06 10:26:560236 DEBUG timeout! - EPollPoller.cc:49
2025/04/06 10:26:560264 INFO  fd total count:3 - EPollPoller.cc:32
2025/04/06 10:26:053236 DEBUG timeout! - EPollPoller.cc:49
2025/04/06 10:26:053273 INFO  fd total count:1 - EPollPoller.cc:32
2025/04/06 10:26:063645 DEBUG timeout! - EPollPoller.cc:49
2025/04/06 10:26:063696 INFO  fd total count:1 - EPollPoller.cc:32
2025/04/06 10:26:068619 DEBUG timeout! - EPollPoller.cc:49
2025/04/06 10:26:068638 INFO  fd total count:1 - EPollPoller.cc:32
2025/04/06 10:26:570556 DEBUG timeout! - EPollPoller.cc:49
2025/04/06 10:26:570670 INFO  fd total count:3 - EPollPoller.cc:32
2025/04/06 10:26:060836 DEBUG timeout! - EPollPoller.cc:49
2025/04/06 10:26:060887 INFO  fd total count:1 - EPollPoller.cc:32
2025/04/06 10:26:069323 DEBUG timeout! - EPollPoller.cc:49
2025/04/06 10:26:069351 INFO  fd total count:1 - EPollPoller.cc:32
2025/04/06 10:26:078822 DEBUG timeout! - EPollPoller.cc:49
2025/04/06 10:26:078858 INFO  fd total count:1 - EPollPoller.cc:32
2025/04/06 10:26:037412 INFO  events happend1 - EPollPoller.cc:40
2025/04/06 10:26:037489 INFO  channel handleEvent revents:1 - Channel.cc:73
2025/04/06 10:26:037735 INFO  fd total count:3 - EPollPoller.cc:32
2025/04/06 10:26:030267 INFO  events happend1 - EPollPoller.cc:40
2025/04/06 10:26:030300 INFO  channel handleEvent revents:1 - Channel.cc:73
2025/04/06 10:26:030335 INFO  fd total count:3 - EPollPoller.cc:32
2025/04/06 10:26:065118 DEBUG timeout! - EPollPoller.cc:49
2025/04/06 10:26:065155 INFO  fd total count:1 - EPollPoller.cc:32
2025/04/06 10:26:074665 DEBUG timeout! - EPollPoller.cc:49
2025/04/06 10:26:074683 INFO  fd total count:1 - EPollPoller.cc:32
2025/04/06 10:26:089008 DEBUG timeout! - EPollPoller.cc:49
2025/04/06 10:26:089037 INFO  fd total count:1 - EPollPoller.cc:32
2025/04/06 10:27:056672 INFO  fd total count:1 - EPollPoller.cc:32
2025/04/06 10:27:056708 INFO  fd total count:1 - EPollPoller.cc:32
2025/04/06 10:27:056684 INFO  fd total count:1 - EPollPoller.cc:32
2025/04/06 10:27:571554 INFO  fd total count:1 - EPollPoller.cc:32
2025/04/06 10:27:571580 INFO  fd total count:1 - EPollPoller.cc:32
2025/04/06 10:27:571565 INFO  fd total count:1 - EPollPoller.cc:32
2025/04/06 10:27:653513 INFO  fd total count:1 - EPollPoller.cc:32
2025/04/06 10:27:653552 INFO  fd total count:1 - EPollPoller.cc:32
2025/04/06 10:27:653574 INFO  fd total count:1 - EPollPoller.cc:32
2025/04/06 10:27:676459 INFO  fd total count:3 - EPollPoller.cc:32
